Component: ARM Compiler 5.06 update 6 (build 750) Tool: armlink [4d35ed]

==============================================================================

Section Cross References

    startup_stm32f401xc.o(STACK) refers (Special) to heapauxi.o(.text) for __use_two_region_memory
    startup_stm32f401xc.o(HEAP) refers (Special) to heapauxi.o(.text) for __use_two_region_memory
    startup_stm32f401xc.o(RESET) refers (Special) to heapauxi.o(.text) for __use_two_region_memory
    startup_stm32f401xc.o(RESET) refers to startup_stm32f401xc.o(STACK) for __initial_sp
    startup_stm32f401xc.o(RESET) refers to startup_stm32f401xc.o(.text) for Reset_Handler
    startup_stm32f401xc.o(RESET) refers to stm32f4xx_it.o(i.NMI_Handler) for NMI_Handler
    startup_stm32f401xc.o(RESET) refers to stm32f4xx_it.o(i.HardFault_Handler) for HardFault_Handler
    startup_stm32f401xc.o(RESET) refers to stm32f4xx_it.o(i.MemManage_Handler) for MemManage_Handler
    startup_stm32f401xc.o(RESET) refers to stm32f4xx_it.o(i.BusFault_Handler) for BusFault_Handler
    startup_stm32f401xc.o(RESET) refers to stm32f4xx_it.o(i.UsageFault_Handler) for UsageFault_Handler
    startup_stm32f401xc.o(RESET) refers to stm32f4xx_it.o(i.SVC_Handler) for SVC_Handler
    startup_stm32f401xc.o(RESET) refers to stm32f4xx_it.o(i.DebugMon_Handler) for DebugMon_Handler
    startup_stm32f401xc.o(RESET) refers to stm32f4xx_it.o(i.PendSV_Handler) for PendSV_Handler
    startup_stm32f401xc.o(RESET) refers to stm32f4xx_it.o(i.SysTick_Handler) for SysTick_Handler
    startup_stm32f401xc.o(RESET) refers to stm32f4xx_it.o(i.TIM1_UP_TIM10_IRQHandler) for TIM1_UP_TIM10_IRQHandler
    startup_stm32f401xc.o(RESET) refers to stm32f4xx_it.o(i.OTG_FS_IRQHandler) for OTG_FS_IRQHandler
    startup_stm32f401xc.o(.text) refers (Special) to heapauxi.o(.text) for __use_two_region_memory
    startup_stm32f401xc.o(.text) refers to system_stm32f4xx.o(i.SystemInit) for SystemInit
    startup_stm32f401xc.o(.text) refers to __main.o(!!!main) for __main
    startup_stm32f401xc.o(.text) refers to startup_stm32f401xc.o(HEAP) for Heap_Mem
    startup_stm32f401xc.o(.text) refers to startup_stm32f401xc.o(STACK) for Stack_Mem
    lcd.o(i.Draw_Circle) refers to lcd.o(i.LCD_DrawPoint) for LCD_DrawPoint
    lcd.o(i.LCD_DrawLine) refers to lcd.o(i.LCD_DrawPoint) for LCD_DrawPoint
    lcd.o(i.LCD_DrawPoint) refers to lcd_init.o(i.LCD_Address_Set) for LCD_Address_Set
    lcd.o(i.LCD_DrawPoint) refers to lcd_init.o(i.LCD_WR_DATA) for LCD_WR_DATA
    lcd.o(i.LCD_DrawRectangle) refers to lcd.o(i.LCD_DrawLine) for LCD_DrawLine
    lcd.o(i.LCD_Fill) refers to lcd_init.o(i.LCD_Address_Set) for LCD_Address_Set
    lcd.o(i.LCD_Fill) refers to lcd_init.o(i.LCD_WR_DATA) for LCD_WR_DATA
    lcd.o(i.LCD_ShowChar) refers to lcd_init.o(i.LCD_Address_Set) for LCD_Address_Set
    lcd.o(i.LCD_ShowChar) refers to lcd.o(i.LCD_DrawPoint) for LCD_DrawPoint
    lcd.o(i.LCD_ShowChar) refers to lcd_init.o(i.LCD_WR_DATA) for LCD_WR_DATA
    lcd.o(i.LCD_ShowChar) refers to lcd.o(.constdata) for .constdata
    lcd.o(i.LCD_ShowChinese) refers to lcd.o(i.LCD_ShowChinese32x32) for LCD_ShowChinese32x32
    lcd.o(i.LCD_ShowChinese) refers to lcd.o(i.LCD_ShowChinese12x12) for LCD_ShowChinese12x12
    lcd.o(i.LCD_ShowChinese) refers to lcd.o(i.LCD_ShowChinese16x16) for LCD_ShowChinese16x16
    lcd.o(i.LCD_ShowChinese) refers to lcd.o(i.LCD_ShowChinese24x24) for LCD_ShowChinese24x24
    lcd.o(i.LCD_ShowChinese12x12) refers to lcd_init.o(i.LCD_Address_Set) for LCD_Address_Set
    lcd.o(i.LCD_ShowChinese12x12) refers to lcd.o(i.LCD_DrawPoint) for LCD_DrawPoint
    lcd.o(i.LCD_ShowChinese12x12) refers to lcd_init.o(i.LCD_WR_DATA) for LCD_WR_DATA
    lcd.o(i.LCD_ShowChinese12x12) refers to lcd.o(.constdata) for .constdata
    lcd.o(i.LCD_ShowChinese16x16) refers to lcd_init.o(i.LCD_Address_Set) for LCD_Address_Set
    lcd.o(i.LCD_ShowChinese16x16) refers to lcd.o(i.LCD_DrawPoint) for LCD_DrawPoint
    lcd.o(i.LCD_ShowChinese16x16) refers to lcd_init.o(i.LCD_WR_DATA) for LCD_WR_DATA
    lcd.o(i.LCD_ShowChinese16x16) refers to lcd.o(.constdata) for .constdata
    lcd.o(i.LCD_ShowChinese24x24) refers to lcd_init.o(i.LCD_Address_Set) for LCD_Address_Set
    lcd.o(i.LCD_ShowChinese24x24) refers to lcd.o(i.LCD_DrawPoint) for LCD_DrawPoint
    lcd.o(i.LCD_ShowChinese24x24) refers to lcd_init.o(i.LCD_WR_DATA) for LCD_WR_DATA
    lcd.o(i.LCD_ShowChinese24x24) refers to lcd.o(.constdata) for .constdata
    lcd.o(i.LCD_ShowChinese32x32) refers to lcd_init.o(i.LCD_Address_Set) for LCD_Address_Set
    lcd.o(i.LCD_ShowChinese32x32) refers to lcd.o(i.LCD_DrawPoint) for LCD_DrawPoint
    lcd.o(i.LCD_ShowChinese32x32) refers to lcd_init.o(i.LCD_WR_DATA) for LCD_WR_DATA
    lcd.o(i.LCD_ShowChinese32x32) refers to lcd.o(.constdata) for .constdata
    lcd.o(i.LCD_ShowFloatNum1) refers to lcd.o(i.mypow) for mypow
    lcd.o(i.LCD_ShowFloatNum1) refers to lcd.o(i.LCD_ShowChar) for LCD_ShowChar
[...]
    i.USB_DeactivateEndpoint                 0x08003fa4   Section        0  stm32f4xx_ll_usb.o(i.USB_DeactivateEndpoint)
    i.USB_DevConnect                         0x08004070   Section        0  stm32f4xx_ll_usb.o(i.USB_DevConnect)
    i.USB_DevDisconnect                      0x0800408c   Section        0  stm32f4xx_ll_usb.o(i.USB_DevDisconnect)
    i.USB_DevInit                            0x080040a8   Section        0  stm32f4xx_ll_usb.o(i.USB_DevInit)
    i.USB_DisableGlobalInt                   0x0800421c   Section        0  stm32f4xx_ll_usb.o(i.USB_DisableGlobalInt)
    i.USB_EP0StartXfer                       0x08004228   Section        0  stm32f4xx_ll_usb.o(i.USB_EP0StartXfer)
    i.USB_EP0_OutStart                       0x08004340   Section        0  stm32f4xx_ll_usb.o(i.USB_EP0_OutStart)
    i.USB_EPClearStall                       0x08004398   Section        0  stm32f4xx_ll_usb.o(i.USB_EPClearStall)
    i.USB_EPSetStall                         0x080043f0   Section        0  stm32f4xx_ll_usb.o(i.USB_EPSetStall)
    i.USB_EPStartXfer                        0x08004448   Section        0  stm32f4xx_ll_usb.o(i.USB_EPStartXfer)
    i.USB_EnableGlobalInt                    0x08004630   Section        0  stm32f4xx_ll_usb.o(i.USB_EnableGlobalInt)
    i.USB_FlushRxFifo                        0x0800463c   Section        0  stm32f4xx_ll_usb.o(i.USB_FlushRxFifo)
    i.USB_FlushTxFifo                        0x08004664   Section        0  stm32f4xx_ll_usb.o(i.USB_FlushTxFifo)
    i.USB_GetDevSpeed                        0x08004690   Section        0  stm32f4xx_ll_usb.o(i.USB_GetDevSpeed)
    i.USB_GetMode                            0x080046aa   Section        0  stm32f4xx_ll_usb.o(i.USB_GetMode)
    i.USB_ReadDevAllInEpInterrupt            0x080046b2   Section        0  stm32f4xx_ll_usb.o(i.USB_ReadDevAllInEpInterrupt)
    i.USB_ReadDevAllOutEpInterrupt           0x080046c0   Section        0  stm32f4xx_ll_usb.o(i.USB_ReadDevAllOutEpInterrupt)
    i.USB_ReadDevInEPInterrupt               0x080046ce   Section        0  stm32f4xx_ll_usb.o(i.USB_ReadDevInEPInterrupt)
    i.USB_ReadDevOutEPInterrupt              0x080046f2   Section        0  stm32f4xx_ll_usb.o(i.USB_ReadDevOutEPInterrupt)
    i.USB_ReadInterrupts                     0x08004702   Section        0  stm32f4xx_ll_usb.o(i.USB_ReadInterrupts)
    i.USB_ReadPacket                         0x0800470a   Section        0  stm32f4xx_ll_usb.o(i.USB_ReadPacket)
    i.USB_SetCurrentMode                     0x08004748   Section        0  stm32f4xx_ll_usb.o(i.USB_SetCurrentMode)
    i.USB_SetDevAddress                      0x080047a4   Section        0  stm32f4xx_ll_usb.o(i.USB_SetDevAddress)
    i.USB_SetTurnaroundTime                  0x080047c8   Section        0  stm32f4xx_ll_usb.o(i.USB_SetTurnaroundTime)
    i.USB_WritePacket                        0x080048b0   Section        0  stm32f4xx_ll_usb.o(i.USB_WritePacket)
    i.UsageFault_Handler                     0x080048d8   Section        0  stm32f4xx_it.o(i.UsageFault_Handler)
    i.__NVIC_SetPriority                     0x080048da   Section        0  stm32f4xx_hal_cortex.o(i.__NVIC_SetPriority)
    __NVIC_SetPriority                       0x080048db   Thumb Code    32  stm32f4xx_hal_cortex.o(i.__NVIC_SetPriority)
    i._is_digit                              0x080048fa   Section        0  __printf_wp.o(i._is_digit)
    i.main                                   0x08004908   Section        0  main.o(i.main)
    i.my_init                                0x080049f8   Section        0  gpio.o(i.my_init)
    x$fpl$fpinit                             0x08004a60   Section       10  fpinit.o(x$fpl$fpinit)
    $v0                                      0x08004a60   Number         0  fpinit.o(x$fpl$fpinit)
    .constdata                               0x08004a6a   Section    14620  lcd.o(.constdata)
    .constdata                               0x08008386   Section     3200  main.o(.constdata)
    .constdata                               0x08009006   Section       16  system_stm32f4xx.o(.constdata)
    .constdata                               0x08009016   Section       17  __printf_flags_ss_wp.o(.constdata)
    maptable                                 0x08009016   Data          17  __printf_flags_ss_wp.o(.constdata)
    .data                                    0x20000000   Section       24  tim.o(.data)
    ms                                       0x20000002   Data           2  tim.o(.data)
    .data                                    0x20000018   Section       28  usbd_desc.o(.data)
    .data                                    0x20000034   Section       50  usbd_desc.o(.data)
    .data                                    0x20000068   Section        8  usbd_cdc_if.o(.data)
    .data                                    0x20000070   Section       20  usbd_cdc_if.o(.data)
    .data                                    0x20000084   Section       12  stm32f4xx_hal.o(.data)
    .data                                    0x20000090   Section        4  system_stm32f4xx.o(.data)
    .data                                    0x20000094   Section        1  usbd_ctlreq.o(.data)
    cfgidx                                   0x20000094   Data           1  usbd_ctlreq.o(.data)
    .data                                    0x20000098   Section      215  usbd_cdc.o(.data)
    USBD_CDC_DeviceQualifierDesc             0x20000098   Data          10  usbd_cdc.o(.data)
    USBD_CDC_CfgHSDesc                       0x200000a4   Data          67  usbd_cdc.o(.data)
    USBD_CDC_CfgFSDesc                       0x200000e8   Data          67  usbd_cdc.o(.data)
    USBD_CDC_OtherSpeedCfgDesc               0x2000012c   Data          67  usbd_cdc.o(.data)
    .data                                    0x20000170   Section       56  usbd_cdc.o(.data)
    .bss                                     0x200001a8   Section       32  rtc.o(.bss)
    .bss                                     0x200001c8   Section      164  tim.o(.bss)
    .bss                                     0x2000026c   Section       50  tim.o(.bss)
    .bss                                     0x200002a0   Section      720  usb_device.o(.bss)
    .bss                                     0x20000570   Section      512  usbd_desc.o(.bss)
    .bss                                     0x20000770   Section     2000  usbd_cdc_if.o(.bss)
    .bss                                     0x20000f40   Section     1576  usbd_conf.o(.bss)
    mem                                      0x20000f40   Data         544  usbd_conf.o(.bss)
    .bss                                     0x20001568   Section       96  libspace.o(.bss)
    HEAP                                     0x200015c8   Section     4096  startup_stm32f401xc.o(HEAP)
    Heap_Mem                                 0x200015c8   Data        4096  startup_stm32f401xc.o(HEAP)
    STACK                                    0x200025c8   Section     1024  startup_stm32f401xc.o(STACK)
    Stack_Mem                                0x200025c8   Data        1024  startup_stm32f401xc.o(STACK)
    __initial_sp                             0x200029c8   Data           0  startup_stm32f401xc.o(STACK)

    Global Symbols

    Symbol Name                              Value     Ov Type        Size  Object(Section)

    BuildAttributes$$THM_ISAv4$E$P$D$K$B$S$7EM$VFPi3$EXTD16$VFPS$VFMA$PE$A:L22UL41UL21$X:L11$S22US41US21$IEEE1$IW$USESV6$~STKCKD$USESV7$~SHL$OTIME$ROPI$IEEEJ$EBA8$UX$STANDARDLIB$REQ8$PRES8$EABIv2 0x00000000   Number         0  anon$$obj.o ABSOLUTE
    __ARM_use_no_argv                        0x00000000   Number         0  main.o ABSOLUTE
    _printf_flags                            0x00000000   Number         0  printf_stubs.o ABSOLUTE
    _printf_return_value                     0x00000000   Number         0  printf_stubs.o ABSOLUTE
    _printf_sizespec                         0x00000000   Number         0  printf_stubs.o ABSOLUTE
    _printf_widthprec                        0x00000000   Number         0  printf_stubs.o ABSOLUTE
    __ARM_exceptions_init                     - Undefined Weak Reference
    __alloca_initialize                       - Undefined Weak Reference
    __arm_preinit_                            - Undefined Weak Reference
    __cpp_initialize__aeabi_                  - Undefined Weak Reference
    __cxa_finalize                            - Undefined Weak Reference
    __sigvec_lookup                           - Undefined Weak Reference
    _atexit_init                              - Undefined Weak Reference
    _call_atexit_fns                          - Undefined Weak Reference
    _clock_init                               - Undefined Weak Reference
    _fp_trap_init                             - Undefined Weak Reference
    _fp_trap_shutdown                         - Undefined Weak Reference
    _get_lc_collate                           - Undefined Weak Reference
    _get_lc_monetary                          - Undefined Weak Reference
    _get_lc_time                              - Undefined Weak Reference
    _getenv_init                              - Undefined Weak Reference
    _handle_redirection                       - Undefined Weak Reference
    _init_alloc                               - Undefined Weak Reference
    _init_user_alloc                          - Undefined Weak Reference
    _initio                                   - Undefined Weak Reference
    _printf_mbtowc                            - Undefined Weak Reference
    _printf_wc                                - Undefined Weak Reference
    _rand_init                                - Undefined Weak Reference
    _signal_finish                            - Undefined Weak Reference
    _signal_init                              - Undefined Weak Reference
    _terminate_alloc                          - Undefined Weak Reference
    _terminate_user_alloc                     - Undefined Weak Reference
    _terminateio                              - Undefined Weak Reference
    __Vectors_Size                           0x00000194   Number         0  startup_stm32f401xc.o ABSOLUTE
    __Vectors                                0x08000000   Data           4  startup_stm32f401xc.o(RESET)
    __Vectors_End                            0x08000194   Data           0  startup_stm32f401xc.o(RESET)
    __main                                   0x08000195   Thumb Code     8  __main.o(!!!main)
    __scatterload                            0x0800019d   Thumb Code     0  __scatter.o(!!!scatter)
    __scatterload_rt2                        0x0800019d   Thumb Code    44  __scatter.o(!!!scatter)
    __scatterload_rt2_thumb_only             0x0800019d   Thumb Code     0  __scatter.o(!!!scatter)
    __scatterload_null                       0x080001ab   Thumb Code     0  __scatter.o(!!!scatter)
    __decompress                             0x080001d1   Thumb Code    90  __dczerorl2.o(!!dczerorl2)
    __decompress1                            0x080001d1   Thumb Code     0  __dczerorl2.o(!!dczerorl2)
    __scatterload_zeroinit                   0x0800022d   Thumb Code    28  __scatter_zi.o(!!handler_zi)
    _printf_d                                0x08000249   Thumb Code     0  _printf_d.o(.ARM.Collect$$_printf_percent$$00000009)
    _printf_percent                          0x08000249   Thumb Code     0  _printf_percent.o(.ARM.Collect$$_printf_percent$$00000000)
    _printf_percent_end                      0x0800024f   Thumb Code     0  _printf_percent_end.o(.ARM.Collect$$_printf_percent$$00000017)
    __rt_lib_init                            0x08000253   Thumb Code     0  libinit.o(.ARM.Collect$$libinit$$00000000)
    __rt_lib_init_fp_1                       0x08000255   Thumb Code     0  libinit2.o(.ARM.Collect$$libinit$$00000001)
    __rt_lib_init_alloca_1                   0x08000259   Thumb Code     0  libinit2.o(.ARM.Collect$$libinit$$0000002E)
    __rt_lib_init_argv_1                     0x08000259   Thumb Code     0  libinit2.o(.ARM.Collect$$libinit$$0000002C)
    __rt_lib_init_atexit_1                   0x08000259   Thumb Code     0  libinit2.o(.ARM.Collect$$libinit$$0000001B)
    __rt_lib_init_clock_1                    0x08000259   Thumb Code     0  libinit2.o(.ARM.Collect$$libinit$$00000021)
    __rt_lib_init_cpp_1                      0x08000259   Thumb Code     0  libinit2.o(.ARM.Collect$$libinit$$00000032)
    __rt_lib_init_exceptions_1               0x08000259   Thumb Code     0  libinit2.o(.ARM.Collect$$libinit$$00000030)
    __rt_lib_init_fp_trap_1                  0x08000259   Thumb Code     0  libinit2.o(.ARM.Collect$$libinit$$0000001F)
    __rt_lib_init_getenv_1                   0x08000259   Thumb Code     0  libinit2.o(.ARM.Collect$$libinit$$00000023)
    __rt_lib_init_heap_1                     0x08000259   Thumb Code     0  libinit2.o(.ARM.Collect$$libinit$$0000000A)
    __rt_lib_init_lc_collate_1               0x08000259   Thumb Code     0  libinit2.o(.ARM.Collect$$libinit$$00000011)
    __rt_lib_init_lc_ctype_1                 0x08000259   Thumb Code     0  libinit2.o(.ARM.Collect$$libinit$$00000013)
    __rt_lib_init_lc_monetary_1              0x08000259   Thumb Code     0  libinit2.o(.ARM.Collect$$libinit$$00000015)
    __rt_lib_init_lc_numeric_1               0x08000259   Thumb Code     0  libinit2.o(.ARM.Collect$$libinit$$00000017)
    __rt_lib_init_lc_time_1                  0x08000259   Thumb Code     0  libinit2.o(.ARM.Collect$$libinit$$00000019)
    __rt_lib_init_preinit_1                  0x08000259   Thumb Code     0  libinit2.o(.ARM.Collect$$libinit$$00000004)
    __rt_lib_init_rand_1                     0x08000259   Thumb Code     0  libinit2.o(.ARM.Collect$$libinit$$0000000E)
    __rt_lib_init_return                     0x08000259   Thumb Code     0  libinit2.o(.ARM.Collect$$libinit$$00000033)
    __rt_lib_init_signal_1                   0x08000259   Thumb Code     0  libinit2.o(.ARM.Collect$$libinit$$0000001D)
    __rt_lib_init_stdio_1                    0x08000259   Thumb Code     0  libinit2.o(.ARM.Collect$$libinit$$00000025)
    __rt_lib_init_user_alloc_1               0x08000259   Thumb Code     0  libinit2.o(.ARM.Collect$$libinit$$0000000C)
    __rt_lib_shutdown                        0x0800025b   Thumb Code     0  libshutdown.o(.ARM.Collect$$libshutdown$$00000000)
    __rt_lib_shutdown_cpp_1                  0x0800025d   Thumb Code     0  libshutdown2.o(.ARM.Collect$$libshutdown$$00000002)
    __rt_lib_shutdown_fp_trap_1              0x0800025d   Thumb Code     0  libshutdown2.o(.ARM.Collect$$libshutdown$$00000007)
    __rt_lib_shutdown_heap_1                 0x0800025d   Thumb Code     0  libshutdown2.o(.ARM.Collect$$libshutdown$$0000000F)
    __rt_lib_shutdown_return                 0x0800025d   Thumb Code     0  libshutdown2.o(.ARM.Collect$$libshutdown$$00000010)
    __rt_lib_shutdown_signal_1               0x0800025d   Thumb Code     0  libshutdown2.o(.ARM.Collect$$libshutdown$$0000000A)
    __rt_lib_shutdown_stdio_1                0x0800025d   Thumb Code     0  libshutdown2.o(.ARM.Collect$$libshutdown$$00000004)
    __rt_lib_shutdown_user_alloc_1           0x0800025d   Thumb Code     0  libshutdown2.o(.ARM.Collect$$libshutdown$$0000000C)
    __rt_entry                               0x0800025f   Thumb Code     0  __rtentry.o(.ARM.Collect$$rtentry$$00000000)
    __rt_entry_presh_1                       0x0800025f   Thumb Code     0  __rtentry2.o(.ARM.Collect$$rtentry$$00000002)
    __rt_entry_sh                            0x0800025f   Thumb Code     0  __rtentry4.o(.ARM.Collect$$rtentry$$00000004)
    __rt_entry_li                            0x08000265   Thumb Code     0  __rtentry2.o(.ARM.Collect$$rtentry$$0000000A)
    __rt_entry_postsh_1                      0x08000265   Thumb Code     0  __rtentry2.o(.ARM.Collect$$rtentry$$00000009)
    __rt_entry_main                          0x08000269   Thumb Code     0  __rtentry2.o(.ARM.Collect$$rtentry$$0000000D)
    __rt_entry_postli_1                      0x08000269   Thumb Code     0  __rtentry2.o(.ARM.Collect$$rtentry$$0000000C)
    __rt_exit                                0x08000271   Thumb Code     0  rtexit.o(.ARM.Collect$$rtexit$$00000000)
    __rt_exit_ls                             0x08000273   Thumb Code     0  rtexit2.o(.ARM.Collect$$rtexit$$00000003)
    __rt_exit_prels_1                        0x08000273   Thumb Code     0  rtexit2.o(.ARM.Collect$$rtexit$$00000002)
    __rt_exit_exit                           0x08000277   Thumb Code     0  rtexit2.o(.ARM.Collect$$rtexit$$00000004)
    Reset_Handler                            0x0800027d   Thumb Code     8  startup_stm32f401xc.o(.text)
    ADC_IRQHandler                           0x08000297   Thumb Code     0  startup_stm32f401xc.o(.text)
    DMA1_Stream0_IRQHandler                  0x08000297   Thumb Code     0  startup_stm32f401xc.o(.text)
    DMA1_Stream1_IRQHandler                  0x08000297   Thumb Code     0  startup_stm32f401xc.o(.text)
    DMA1_Stream2_IRQHandler                  0x08000297   Thumb Code     0  startup_stm32f401xc.o(.text)
    DMA1_Stream3_IRQHandler                  0x08000297   Thumb Code     0  startup_stm32f401xc.o(.text)
    DMA1_Stream4_IRQHandler                  0x08000297   Thumb Code     0  startup_stm32f401xc.o(.text)
    DMA1_Stream5_IRQHandler                  0x08000297   Thumb Code     0  startup_stm32f401xc.o(.text)
    DMA1_Stream6_IRQHandler                  0x08000297   Thumb Code     0  startup_stm32f401xc.o(.text)
    DMA1_Stream7_IRQHandler                  0x08000297   Thumb Code     0  startup_stm32f401xc.o(.text)
    DMA2_Stream0_IRQHandler                  0x08000297   Thumb Code     0  startup_stm32f401xc.o(.text)
    DMA2_Stream1_IRQHandler                  0x08000297   Thumb Code     0  startup_stm32f401xc.o(.text)
    DMA2_Stream2_IRQHandler                  0x08000297   Thumb Code     0  startup_stm32f401xc.o(.text)
    DMA2_Stream3_IRQHandler                  0x08000297   Thumb Code     0  startup_stm32f401xc.o(.text)
    DMA2_Stream4_IRQHandler                  0x08000297   Thumb Code     0  startup_stm32f401xc.o(.text)
    DMA2_Stream5_IRQHandler                  0x08000297   Thumb Code     0  startup_stm32f401xc.o(.text)
    DMA2_Stream6_IRQHandler                  0x08000297   Thumb Code     0  startup_stm32f401xc.o(.text)
    DMA2_Stream7_IRQHandler                  0x08000297   Thumb Code     0  startup_stm32f401xc.o(.text)
    EXTI0_IRQHandler                         0x08000297   Thumb Code     0  startup_stm32f401xc.o(.text)
    EXTI15_10_IRQHandler                     0x08000297   Thumb Code     0  startup_stm32f401xc.o(.text)
    EXTI1_IRQHandler                         0x08000297   Thumb Code     0  startup_stm32f401xc.o(.text)
    EXTI2_IRQHandler                         0x08000297   Thumb Code     0  startup_stm32f401xc.o(.text)
    EXTI3_IRQHandler                         0x08000297   Thumb Code     0  startup_stm32f401xc.o(.text)
    EXTI4_IRQHandler                         0x08000297   Thumb Code     0  startup_stm32f401xc.o(.text)
    EXTI9_5_IRQHandler                       0x08000297   Thumb Code     0  startup_stm32f401xc.o(.text)
    FLASH_IRQHandler                         0x08000297   Thumb Code     0  startup_stm32f401xc.o(.text)
    FPU_IRQHandler                           0x08000297   Thumb Code     0  startup_stm32f401xc.o(.text)
    I2C1_ER_IRQHandler                       0x08000297   Thumb Code     0  startup_stm32f401xc.o(.text)
    I2C1_EV_IRQHandler                       0x08000297   Thumb Code     0  startup_stm32f401xc.o(.text)
    I2C2_ER_IRQHandler                       0x08000297   Thumb Code     0  startup_stm32f401xc.o(.text)
    I2C2_EV_IRQHandler                       0x08000297   Thumb Code     0  startup_stm32f401xc.o(.text)
    I2C3_ER_IRQHandler                       0x08000297   Thumb Code     0  startup_stm32f401xc.o(.text)
    I2C3_EV_IRQHandler                       0x08000297   Thumb Code     0  startup_stm32f401xc.o(.text)
    OTG_FS_WKUP_IRQHandler                   0x08000297   Thumb Code     0  startup_stm32f401xc.o(.text)
    PVD_IRQHandler                           0x08000297   Thumb Code     0  startup_stm32f401xc.o(.text)
    RCC_IRQHandler                           0x08000297   Thumb Code     0  startup_stm32f401xc.o(.text)
    RTC_Alarm_IRQHandler                     0x08000297   Thumb Code     0  startup_stm32f401xc.o(.text)
    RTC_WKUP_IRQHandler                      0x08000297   Thumb Code     0  startup_stm32f401xc.o(.text)
    SDIO_IRQHandler                          0x08000297   Thumb Code     0  startup_stm32f401xc.o(.text)
    SPI1_IRQHandler                          0x08000297   Thumb Code     0  startup_stm32f401xc.o(.text)
    SPI2_IRQHandler                          0x08000297   Thumb Code     0  startup_stm32f401xc.o(.text)
    SPI3_IRQHandler                          0x08000297   Thumb Code     0  startup_stm32f401xc.o(.text)
    SPI4_IRQHandler                          0x08000297   Thumb Code     0  startup_stm32f401xc.o(.text)
    TAMP_STAMP_IRQHandler                    0x08000297   Thumb Code     0  startup_stm32f401xc.o(.text)
    TIM1_BRK_TIM9_IRQHandler                 0x08000297   Thumb Code     0  startup_stm32f401xc.o(.text)
    TIM1_CC_IRQHandler                       0x08000297   Thumb Code     0  startup_stm32f401xc.o(.text)
    TIM1_TRG_COM_TIM11_IRQHandler            0x08000297   Thumb Code     0  startup_stm32f401xc.o(.text)
    TIM2_IRQHandler                          0x08000297   Thumb Code     0  startup_stm32f401xc.o(.text)
    TIM3_IRQHandler                          0x08000297   Thumb Code     0  startup_stm32f401xc.o(.text)
    TIM4_IRQHandler                          0x08000297   Thumb Code     0  startup_stm32f401xc.o(.text)
    TIM5_IRQHandler                          0x08000297   Thumb Code     0  startup_stm32f401xc.o(.text)
    USART1_IRQHandler                        0x08000297   Thumb Code     0  startup_stm32f401xc.o(.text)
    USART2_IRQHandler                        0x08000297   Thumb Code     0  startup_stm32f401xc.o(.text)
    USART6_IRQHandler                        0x08000297   Thumb Code     0  startup_stm32f401xc.o(.text)
    WWDG_IRQHandler                          0x08000297   Thumb Code     0  startup_stm32f401xc.o(.text)
    __user_initial_stackheap                 0x08000299   Thumb Code     0  startup_stm32f401xc.o(.text)
    __aeabi_uldivmod                         0x080002bd   Thumb Code     0  lludivv7m.o(.text)
    _ll_udiv                                 0x080002bd   Thumb Code   238  lludivv7m.o(.text)
    __2sprintf                               0x080003ad   Thumb Code    38  __2sprintf.o(.text)
    _printf_pre_padding                      0x080003d9   Thumb Code    44  _printf_pad.o(.text)
    _printf_post_padding                     0x08000405   Thumb Code    34  _printf_pad.o(.text)
    _printf_int_dec                          0x08000429   Thumb Code   104  _printf_dec.o(.text)
    __printf                                 0x080004a1   Thumb Code   388  __printf_flags_ss_wp.o(.text)
    __aeabi_memcpy4                          0x08000629   Thumb Code     0  rt_memcpy_w.o(.text)
    __aeabi_memcpy8                          0x08000629   Thumb Code     0  rt_memcpy_w.o(.text)
    __rt_memcpy_w                            0x08000629   Thumb Code   100  rt_memcpy_w.o(.text)
    _memcpy_lastbytes_aligned                0x08000671   Thumb Code     0  rt_memcpy_w.o(.text)
    __aeabi_memclr4                          0x0800068d   Thumb Code     0  rt_memclr_w.o(.text)
    __aeabi_memclr8                          0x0800068d   Thumb Code     0  rt_memclr_w.o(.text)
    __rt_memclr_w                            0x0800068d   Thumb Code    78  rt_memclr_w.o(.text)
    _memset_w                                0x08000691   Thumb Code     0  rt_memclr_w.o(.text)
    __use_two_region_memory                  0x080006db   Thumb Code     2  heapauxi.o(.text)
    __rt_heap_escrow$2region                 0x080006dd   Thumb Code     2  heapauxi.o(.text)
    __rt_heap_expand$2region                 0x080006df   Thumb Code     2  heapauxi.o(.text)
    _printf_int_common                       0x080006e1   Thumb Code   178  _printf_intcommon.o(.text)
    _printf_char_common                      0x0800079f   Thumb Code    32  _printf_char_common.o(.text)
    _sputc                                   0x080007c5   Thumb Code    10  _sputc.o(.text)
    __user_setup_stackheap                   0x080007cf   Thumb Code    74  sys_stackheap_outer.o(.text)
    exit                                     0x08000819   Thumb Code    18  exit.o(.text)
    __user_libspace                          0x0800082d   Thumb Code     8  libspace.o(.text)
    __user_perproc_libspace                  0x0800082d   Thumb Code     0  libspace.o(.text)
    __user_perthread_libspace                0x0800082d   Thumb Code     0  libspace.o(.text)
    _sys_exit                                0x08000835   Thumb Code     8  sys_exit.o(.text)
    __I$use$semihosting                      0x08000841   Thumb Code     0  use_no_semi.o(.text)
    __use_no_semihosting_swi                 0x08000841   Thumb Code     2  use_no_semi.o(.text)
    BusFault_Handler                         0x08000843   Thumb Code     2  stm32f4xx_it.o(i.BusFault_Handler)
    __semihosting_library_function           0x08000843   Thumb Code     0  indicate_semi.o(.text)
    DebugMon_Handler                         0x080008c1   Thumb Code     2  stm32f4xx_it.o(i.DebugMon_Handler)
    Error_Handler                            0x080008c3   Thumb Code     4  main.o(i.Error_Handler)
    HAL_Delay                                0x080008c9   Thumb Code    32  stm32f4xx_hal.o(i.HAL_Delay)
    HAL_GPIO_Init                            0x080008ed   Thumb Code   446  stm32f4xx_hal_gpio.o(i.HAL_GPIO_Init)
    HAL_GPIO_ReadPin                         0x08000acd   Thumb Code    10  stm32f4xx_hal_gpio.o(i.HAL_GPIO_ReadPin)
    HAL_GPIO_WritePin                        0x08000ad7   Thumb Code    10  stm32f4xx_hal_gpio.o(i.HAL_GPIO_WritePin)
    HAL_GetTick                              0x08000ae1   Thumb Code     6  stm32f4xx_hal.o(i.HAL_GetTick)
    HAL_IncTick                              0x08000aed   Thumb Code    12  stm32f4xx_hal.o(i.HAL_IncTick)
    HAL_Init                                 0x08000afd   Thumb Code    48  stm32f4xx_hal.o(i.HAL_Init)
    HAL_InitTick                             0x08000b31   Thumb Code    54  stm32f4xx_hal.o(i.HAL_InitTick)
    HAL_MspInit                              0x08000b71   Thumb Code    42  stm32f4xx_hal_msp.o(i.HAL_MspInit)
    HAL_NVIC_EnableIRQ                       0x08000ba1   Thumb Code    26  stm32f4xx_hal_cortex.o(i.HAL_NVIC_EnableIRQ)
    HAL_NVIC_SetPriority                     0x08000bbd   Thumb Code    60  stm32f4xx_hal_cortex.o(i.HAL_NVIC_SetPriority)
    HAL_NVIC_SetPriorityGrouping             0x08000bfd   Thumb Code    26  stm32f4xx_hal_cortex.o(i.HAL_NVIC_SetPriorityGrouping)
    HAL_PCDEx_LPM_Callback                   0x08000c21   Thumb Code     2  stm32f4xx_hal_pcd_ex.o(i.HAL_PCDEx_LPM_Callback)
    HAL_PCDEx_SetRxFiFo                      0x08000c23   Thumb Code     8  stm32f4xx_hal_pcd_ex.o(i.HAL_PCDEx_SetRxFiFo)
    HAL_PCDEx_SetTxFiFo                      0x08000c2b   Thumb Code    68  stm32f4xx_hal_pcd_ex.o(i.HAL_PCDEx_SetTxFiFo)
    HAL_PCD_ConnectCallback                  0x08000c6f   Thumb Code     8  usbd_conf.o(i.HAL_PCD_ConnectCallback)
    HAL_PCD_DataInStageCallback              0x08000c77   Thumb Code    18  usbd_conf.o(i.HAL_PCD_DataInStageCallback)
    HAL_PCD_DataOutStageCallback             0x08000c89   Thumb Code    20  usbd_conf.o(i.HAL_PCD_DataOutStageCallback)
    HAL_PCD_DisconnectCallback               0x08000c9d   Thumb Code     8  usbd_conf.o(i.HAL_PCD_DisconnectCallback)
    HAL_PCD_EP_Close                         0x08000ca5   Thumb Code    76  stm32f4xx_hal_pcd.o(i.HAL_PCD_EP_Close)
    HAL_PCD_EP_ClrStall                      0x08000cf1   Thumb Code    92  stm32f4xx_hal_pcd.o(i.HAL_PCD_EP_ClrStall)
    HAL_PCD_EP_GetRxCount                    0x08000d4d   Thumb Code    18  stm32f4xx_hal_pcd.o(i.HAL_PCD_EP_GetRxCount)
    HAL_PCD_EP_Open                          0x08000d5f   Thumb Code    96  stm32f4xx_hal_pcd.o(i.HAL_PCD_EP_Open)
    HAL_PCD_EP_Receive                       0x08000dbf   Thumb Code    72  stm32f4xx_hal_pcd.o(i.HAL_PCD_EP_Receive)
    HAL_PCD_EP_SetStall                      0x08000e07   Thumb Code   116  stm32f4xx_hal_pcd.o(i.HAL_PCD_EP_SetStall)
    HAL_PCD_EP_Transmit                      0x08000e7b   Thumb Code    64  stm32f4xx_hal_pcd.o(i.HAL_PCD_EP_Transmit)
    HAL_PCD_IRQHandler                       0x08000ebd   Thumb Code  1070  stm32f4xx_hal_pcd.o(i.HAL_PCD_IRQHandler)
    HAL_PCD_ISOINIncompleteCallback          0x080012f1   Thumb Code     8  usbd_conf.o(i.HAL_PCD_ISOINIncompleteCallback)
    HAL_PCD_ISOOUTIncompleteCallback         0x080012f9   Thumb Code     8  usbd_conf.o(i.HAL_PCD_ISOOUTIncompleteCallback)
    HAL_PCD_Init                             0x08001301   Thumb Code   226  stm32f4xx_hal_pcd.o(i.HAL_PCD_Init)
    HAL_PCD_MspInit                          0x080013e5   Thumb Code   122  usbd_conf.o(i.HAL_PCD_MspInit)
    HAL_PCD_ResetCallback                    0x08001469   Thumb Code    38  usbd_conf.o(i.HAL_PCD_ResetCallback)
    HAL_PCD_ResumeCallback                   0x0800148f   Thumb Code     8  usbd_conf.o(i.HAL_PCD_ResumeCallback)
    HAL_PCD_SOFCallback                      0x08001497   Thumb Code     8  usbd_conf.o(i.HAL_PCD_SOFCallback)
    HAL_PCD_SetAddress                       0x0800149f   Thumb Code    40  stm32f4xx_hal_pcd.o(i.HAL_PCD_SetAddress)
    HAL_PCD_SetupStageCallback               0x080014c7   Thumb Code    14  usbd_conf.o(i.HAL_PCD_SetupStageCallback)
    HAL_PCD_Start                            0x080014d5   Thumb Code    66  stm32f4xx_hal_pcd.o(i.HAL_PCD_Start)
    HAL_PCD_SuspendCallback                  0x08001519   Thumb Code    44  usbd_conf.o(i.HAL_PCD_SuspendCallback)
    HAL_RCCEx_PeriphCLKConfig                0x08001549   Thumb Code   310  stm32f4xx_hal_rcc_ex.o(i.HAL_RCCEx_PeriphCLKConfig)
    HAL_RCC_ClockConfig                      0x08001699   Thumb Code   288  stm32f4xx_hal_rcc.o(i.HAL_RCC_ClockConfig)
    HAL_RCC_GetHCLKFreq                      0x080017cd   Thumb Code     6  stm32f4xx_hal_rcc.o(i.HAL_RCC_GetHCLKFreq)
    HAL_RCC_GetSysClockFreq                  0x080017d9   Thumb Code    88  stm32f4xx_hal_rcc.o(i.HAL_RCC_GetSysClockFreq)
    HAL_RCC_OscConfig                        0x0800183d   Thumb Code   856  stm32f4xx_hal_rcc.o(i.HAL_RCC_OscConfig)
    HAL_RTC_GetDate                          0x08001ba9   Thumb Code    62  stm32f4xx_hal_rtc.o(i.HAL_RTC_GetDate)
    HAL_RTC_GetTime                          0x08001bed   Thumb Code    82  stm32f4xx_hal_rtc.o(i.HAL_RTC_GetTime)
    HAL_RTC_Init                             0x08001c45   Thumb Code   166  stm32f4xx_hal_rtc.o(i.HAL_RTC_Init)
    HAL_RTC_MspInit                          0x08001cf1   Thumb Code    52  rtc.o(i.HAL_RTC_MspInit)
    HAL_RTC_SetDate                          0x08001d2d   Thumb Code   194  stm32f4xx_hal_rtc.o(i.HAL_RTC_SetDate)
    HAL_RTC_SetTime                          0x08001df5   Thumb Code   230  stm32f4xx_hal_rtc.o(i.HAL_RTC_SetTime)
    HAL_RTC_WaitForSynchro                   0x08001ee1   Thumb Code    54  stm32f4xx_hal_rtc.o(i.HAL_RTC_WaitForSynchro)
    HAL_SYSTICK_Config                       0x08001f17   Thumb Code    40  stm32f4xx_hal_cortex.o(i.HAL_SYSTICK_Config)
    HAL_TIMEx_BreakCallback                  0x08001f3f   Thumb Code     2  stm32f4xx_hal_tim_ex.o(i.HAL_TIMEx_BreakCallback)
    HAL_TIMEx_CommutCallback                 0x08001f41   Thumb Code     2  stm32f4xx_hal_tim_ex.o(i.HAL_TIMEx_CommutCallback)
    HAL_TIMEx_MasterConfigSynchronization    0x08001f45   Thumb Code   104  stm32f4xx_hal_tim_ex.o(i.HAL_TIMEx_MasterConfigSynchronization)
    HAL_TIM_Base_Init                        0x08001fc1   Thumb Code    90  stm32f4xx_hal_tim.o(i.HAL_TIM_Base_Init)
    HAL_TIM_Base_MspInit                     0x0800201d   Thumb Code    50  tim.o(i.HAL_TIM_Base_MspInit)
    HAL_TIM_Base_Start_IT                    0x08002059   Thumb Code    88  stm32f4xx_hal_tim.o(i.HAL_TIM_Base_Start_IT)
    HAL_TIM_IC_CaptureCallback               0x080020c5   Thumb Code     2  stm32f4xx_hal_tim.o(i.HAL_TIM_IC_CaptureCallback)
    HAL_TIM_IRQHandler                       0x080020c7   Thumb Code   358  stm32f4xx_hal_tim.o(i.HAL_TIM_IRQHandler)
    HAL_TIM_MspPostInit                      0x0800222d   Thumb Code    68  tim.o(i.HAL_TIM_MspPostInit)
    HAL_TIM_OC_DelayElapsedCallback          0x0800227d   Thumb Code     2  stm32f4xx_hal_tim.o(i.HAL_TIM_OC_DelayElapsedCallback)
    HAL_TIM_PWM_ConfigChannel                0x0800227f   Thumb Code   204  stm32f4xx_hal_tim.o(i.HAL_TIM_PWM_ConfigChannel)
    HAL_TIM_PWM_Init                         0x0800234b   Thumb Code    90  stm32f4xx_hal_tim.o(i.HAL_TIM_PWM_Init)
    HAL_TIM_PWM_MspInit                      0x080023a5   Thumb Code    30  tim.o(i.HAL_TIM_PWM_MspInit)
    HAL_TIM_PWM_PulseFinishedCallback        0x080023cd   Thumb Code     2  stm32f4xx_hal_tim.o(i.HAL_TIM_PWM_PulseFinishedCallback)
    HAL_TIM_PWM_Start                        0x080023d1   Thumb Code   156  stm32f4xx_hal_tim.o(i.HAL_TIM_PWM_Start)
    HAL_TIM_PeriodElapsedCallback            0x08002481   Thumb Code   226  tim.o(i.HAL_TIM_PeriodElapsedCallback)
    HAL_TIM_TriggerCallback                  0x08002575   Thumb Code     2  stm32f4xx_hal_tim.o(i.HAL_TIM_TriggerCallback)
    HardFault_Handler                        0x08002577   Thumb Code     2  stm32f4xx_it.o(i.HardFault_Handler)
    LCD_Address_Set                          0x080025b1   Thumb Code    58  lcd_init.o(i.LCD_Address_Set)
    LCD_DrawPoint                            0x080025eb   Thumb Code    22  lcd.o(i.LCD_DrawPoint)
    LCD_Fill                                 0x08002601   Thumb Code    62  lcd.o(i.LCD_Fill)
    LCD_GPIO_Init                            0x08002641   Thumb Code    12  lcd_init.o(i.LCD_GPIO_Init)
    LCD_Init                                 0x08002651   Thumb Code   414  lcd_init.o(i.LCD_Init)
    LCD_ShowChar                             0x080027f5   Thumb Code   252  lcd.o(i.LCD_ShowChar)
    LCD_ShowPicture                          0x08002901   Thumb Code    80  lcd.o(i.LCD_ShowPicture)
    LCD_ShowString                           0x08002951   Thumb Code    58  lcd.o(i.LCD_ShowString)
    LCD_WR_DATA                              0x0800298b   Thumb Code    20  lcd_init.o(i.LCD_WR_DATA)
    LCD_WR_DATA8                             0x0800299f   Thumb Code     4  lcd_init.o(i.LCD_WR_DATA8)
    LCD_WR_REG                               0x080029a5   Thumb Code    36  lcd_init.o(i.LCD_WR_REG)
    LCD_Writ_Bus                             0x080029cd   Thumb Code    86  lcd_init.o(i.LCD_Writ_Bus)
    MX_GPIO_Init                             0x08002a29   Thumb Code   168  gpio.o(i.MX_GPIO_Init)
    MX_RTC_Init                              0x08002ad9   Thumb Code   120  rtc.o(i.MX_RTC_Init)
    MX_TIM10_Init                            0x08002b59   Thumb Code    46  tim.o(i.MX_TIM10_Init)
    MX_TIM3_Init                             0x08002b91   Thumb Code   106  tim.o(i.MX_TIM3_Init)
    MX_USB_DEVICE_Init                       0x08002c05   Thumb Code    66  usb_device.o(i.MX_USB_DEVICE_Init)
    MemManage_Handler                        0x08002c59   Thumb Code     2  stm32f4xx_it.o(i.MemManage_Handler)
    NMI_Handler                              0x08002c5b   Thumb Code     2  stm32f4xx_it.o(i.NMI_Handler)
    OTG_FS_IRQHandler                        0x08002c5d   Thumb Code     6  stm32f4xx_it.o(i.OTG_FS_IRQHandler)
    PendSV_Handler                           0x08002dd7   Thumb Code     2  stm32f4xx_it.o(i.PendSV_Handler)
    RTC_Bcd2ToByte                           0x08002dd9   Thumb Code    18  stm32f4xx_hal_rtc.o(i.RTC_Bcd2ToByte)
    RTC_ByteToBcd2                           0x08002deb   Thumb Code    22  stm32f4xx_hal_rtc.o(i.RTC_ByteToBcd2)
    RTC_EnterInitMode                        0x08002e01   Thumb Code    58  stm32f4xx_hal_rtc.o(i.RTC_EnterInitMode)
    SVC_Handler                              0x08002e3b   Thumb Code     2  stm32f4xx_it.o(i.SVC_Handler)
    SysTick_Handler                          0x08002e47   Thumb Code     4  stm32f4xx_it.o(i.SysTick_Handler)
    SystemClock_Config                       0x08002e4d   Thumb Code   146  main.o(i.SystemClock_Config)
    SystemInit                               0x08002ee9   Thumb Code    12  system_stm32f4xx.o(i.SystemInit)
    TIM1_UP_TIM10_IRQHandler                 0x08002ef9   Thumb Code     6  stm32f4xx_it.o(i.TIM1_UP_TIM10_IRQHandler)
    TIM_Base_SetConfig                       0x08002f05   Thumb Code   122  stm32f4xx_hal_tim.o(i.TIM_Base_SetConfig)
    TIM_CCxChannelCmd                        0x08002f9d   Thumb Code    26  stm32f4xx_hal_tim.o(i.TIM_CCxChannelCmd)
    TIM_OC2_SetConfig                        0x08003009   Thumb Code    84  stm32f4xx_hal_tim.o(i.TIM_OC2_SetConfig)
    USBD_CDC_GetDeviceQualifierDescriptor    0x08003201   Thumb Code     8  usbd_cdc.o(i.USBD_CDC_GetDeviceQualifierDescriptor)
    USBD_CDC_ReceivePacket                   0x080032d3   Thumb Code    40  usbd_cdc.o(i.USBD_CDC_ReceivePacket)
    USBD_CDC_RegisterInterface               0x080032fb   Thumb Code    14  usbd_cdc.o(i.USBD_CDC_RegisterInterface)
    USBD_CDC_SetRxBuffer                     0x08003309   Thumb Code    18  usbd_cdc.o(i.USBD_CDC_SetRxBuffer)
    USBD_CDC_SetTxBuffer                     0x0800331b   Thumb Code    22  usbd_cdc.o(i.USBD_CDC_SetTxBuffer)
    USBD_ClrClassConfig                      0x080033ef   Thumb Code    16  usbd_core.o(i.USBD_ClrClassConfig)
    USBD_CtlContinueRx                       0x080033ff   Thumb Code    16  usbd_ioreq.o(i.USBD_CtlContinueRx)
    USBD_CtlContinueSendData                 0x0800340f   Thumb Code    16  usbd_ioreq.o(i.USBD_CtlContinueSendData)
    USBD_CtlError                            0x0800341f   Thumb Code    22  usbd_ctlreq.o(i.USBD_CtlError)
    USBD_CtlPrepareRx                        0x08003435   Thumb Code    30  usbd_ioreq.o(i.USBD_CtlPrepareRx)
    USBD_CtlReceiveStatus                    0x08003453   Thumb Code    22  usbd_ioreq.o(i.USBD_CtlReceiveStatus)
    USBD_CtlSendData                         0x08003469   Thumb Code    26  usbd_ioreq.o(i.USBD_CtlSendData)
    USBD_CtlSendStatus                       0x08003483   Thumb Code    22  usbd_ioreq.o(i.USBD_CtlSendStatus)
    USBD_FS_ConfigStrDescriptor              0x08003499   Thumb Code    16  usbd_desc.o(i.USBD_FS_ConfigStrDescriptor)
    USBD_FS_DeviceDescriptor                 0x080034b9   Thumb Code     8  usbd_desc.o(i.USBD_FS_DeviceDescriptor)
    USBD_FS_InterfaceStrDescriptor           0x080034c5   Thumb Code    16  usbd_desc.o(i.USBD_FS_InterfaceStrDescriptor)
    USBD_FS_LangIDStrDescriptor              0x080034e9   Thumb Code     8  usbd_desc.o(i.USBD_FS_LangIDStrDescriptor)
    USBD_FS_ManufacturerStrDescriptor        0x080034f5   Thumb Code    16  usbd_desc.o(i.USBD_FS_ManufacturerStrDescriptor)
    USBD_FS_ProductStrDescriptor             0x0800351d   Thumb Code    16  usbd_desc.o(i.USBD_FS_ProductStrDescriptor)
    USBD_FS_SerialStrDescriptor              0x08003549   Thumb Code    48  usbd_desc.o(i.USBD_FS_SerialStrDescriptor)
    USBD_GetString                           0x08003667   Thumb Code    72  usbd_ctlreq.o(i.USBD_GetString)
    USBD_Get_USB_Status                      0x080036af   Thumb Code    24  usbd_conf.o(i.USBD_Get_USB_Status)
    USBD_Init                                0x080036c7   Thumb Code    38  usbd_core.o(i.USBD_Init)
    USBD_LL_ClearStallEP                     0x080036ed   Thumb Code    18  usbd_conf.o(i.USBD_LL_ClearStallEP)
    USBD_LL_CloseEP                          0x080036ff   Thumb Code    18  usbd_conf.o(i.USBD_LL_CloseEP)
    USBD_LL_DataInStage                      0x08003711   Thumb Code   168  usbd_core.o(i.USBD_LL_DataInStage)
    USBD_LL_DataOutStage                     0x080037b9   Thumb Code   108  usbd_core.o(i.USBD_LL_DataOutStage)
    USBD_LL_DevConnected                     0x08003825   Thumb Code     4  usbd_core.o(i.USBD_LL_DevConnected)
    USBD_LL_DevDisconnected                  0x08003829   Thumb Code    24  usbd_core.o(i.USBD_LL_DevDisconnected)
    USBD_LL_GetRxDataSize                    0x08003841   Thumb Code     8  usbd_conf.o(i.USBD_LL_GetRxDataSize)
    USBD_LL_Init                             0x08003849   Thumb Code    90  usbd_conf.o(i.USBD_LL_Init)
    USBD_LL_IsStallEP                        0x080038a9   Thumb Code    32  usbd_conf.o(i.USBD_LL_IsStallEP)
    USBD_LL_IsoINIncomplete                  0x080038c9   Thumb Code    32  usbd_core.o(i.USBD_LL_IsoINIncomplete)
    USBD_LL_IsoOUTIncomplete                 0x080038e9   Thumb Code    32  usbd_core.o(i.USBD_LL_IsoOUTIncomplete)
    USBD_LL_OpenEP                           0x08003909   Thumb Code    24  usbd_conf.o(i.USBD_LL_OpenEP)
    USBD_LL_PrepareReceive                   0x08003921   Thumb Code    18  usbd_conf.o(i.USBD_LL_PrepareReceive)
    USBD_LL_Reset                            0x08003933   Thumb Code    90  usbd_core.o(i.USBD_LL_Reset)
    USBD_LL_Resume                           0x0800398d   Thumb Code    20  usbd_core.o(i.USBD_LL_Resume)
    USBD_LL_SOF                              0x080039a1   Thumb Code    32  usbd_core.o(i.USBD_LL_SOF)
    USBD_LL_SetSpeed                         0x080039c1   Thumb Code     6  usbd_core.o(i.USBD_LL_SetSpeed)
    USBD_LL_SetUSBAddress                    0x080039c7   Thumb Code    18  usbd_conf.o(i.USBD_LL_SetUSBAddress)
    USBD_LL_SetupStage                       0x080039d9   Thumb Code    96  usbd_core.o(i.USBD_LL_SetupStage)
    USBD_LL_StallEP                          0x08003a39   Thumb Code    18  usbd_conf.o(i.USBD_LL_StallEP)
    USBD_LL_Start                            0x08003a4b   Thumb Code    18  usbd_conf.o(i.USBD_LL_Start)
    USBD_LL_Suspend                          0x08003a5d   Thumb Code    18  usbd_core.o(i.USBD_LL_Suspend)
    USBD_LL_Transmit                         0x08003a6f   Thumb Code    18  usbd_conf.o(i.USBD_LL_Transmit)
    USBD_ParseSetupRequest                   0x08003a81   Thumb Code    44  usbd_ctlreq.o(i.USBD_ParseSetupRequest)
    USBD_RegisterClass                       0x08003aad   Thumb Code    36  usbd_core.o(i.USBD_RegisterClass)
    USBD_SetClassConfig                      0x08003ad1   Thumb Code    20  usbd_core.o(i.USBD_SetClassConfig)
    USBD_Start                               0x08003ba1   Thumb Code     4  usbd_core.o(i.USBD_Start)
    USBD_StdDevReq                           0x08003ba5   Thumb Code   276  usbd_ctlreq.o(i.USBD_StdDevReq)
    USBD_StdEPReq                            0x08003cb9   Thumb Code   320  usbd_ctlreq.o(i.USBD_StdEPReq)
    USBD_StdItfReq                           0x08003df9   Thumb Code    82  usbd_ctlreq.o(i.USBD_StdItfReq)
    USBD_static_free                         0x08003e4b   Thumb Code     2  usbd_conf.o(i.USBD_static_free)
    USBD_static_malloc                       0x08003e4d   Thumb Code     4  usbd_conf.o(i.USBD_static_malloc)
    USB_ActivateEndpoint                     0x08003e55   Thumb Code   122  stm32f4xx_ll_usb.o(i.USB_ActivateEndpoint)
    USB_ActivateSetup                        0x08003ed5   Thumb Code    28  stm32f4xx_ll_usb.o(i.USB_ActivateSetup)
    USB_CoreInit                             0x08003ef1   Thumb Code   112  stm32f4xx_ll_usb.o(i.USB_CoreInit)
    USB_DeactivateEndpoint                   0x08003fa5   Thumb Code   194  stm32f4xx_ll_usb.o(i.USB_DeactivateEndpoint)
    USB_DevConnect                           0x08004071   Thumb Code    28  stm32f4xx_ll_usb.o(i.USB_DevConnect)
    USB_DevDisconnect                        0x0800408d   Thumb Code    28  stm32f4xx_ll_usb.o(i.USB_DevDisconnect)
    USB_DevInit                              0x080040a9   Thumb Code   362  stm32f4xx_ll_usb.o(i.USB_DevInit)
    USB_DisableGlobalInt                     0x0800421d   Thumb Code    12  stm32f4xx_ll_usb.o(i.USB_DisableGlobalInt)
    USB_EP0StartXfer                         0x08004229   Thumb Code   276  stm32f4xx_ll_usb.o(i.USB_EP0StartXfer)
    USB_EP0_OutStart                         0x08004341   Thumb Code    84  stm32f4xx_ll_usb.o(i.USB_EP0_OutStart)
    USB_EPClearStall                         0x08004399   Thumb Code    88  stm32f4xx_ll_usb.o(i.USB_EPClearStall)
    USB_EPSetStall                           0x080043f1   Thumb Code    88  stm32f4xx_ll_usb.o(i.USB_EPSetStall)
    USB_EPStartXfer                          0x08004449   Thumb Code   482  stm32f4xx_ll_usb.o(i.USB_EPStartXfer)
    USB_EnableGlobalInt                      0x08004631   Thumb Code    12  stm32f4xx_ll_usb.o(i.USB_EnableGlobalInt)
    USB_FlushRxFifo                          0x0800463d   Thumb Code    36  stm32f4xx_ll_usb.o(i.USB_FlushRxFifo)
    USB_FlushTxFifo                          0x08004665   Thumb Code    40  stm32f4xx_ll_usb.o(i.USB_FlushTxFifo)
    USB_GetDevSpeed                          0x08004691   Thumb Code    26  stm32f4xx_ll_usb.o(i.USB_GetDevSpeed)
    USB_GetMode                              0x080046ab   Thumb Code     8  stm32f4xx_ll_usb.o(i.USB_GetMode)
    USB_ReadDevAllInEpInterrupt              0x080046b3   Thumb Code    14  stm32f4xx_ll_usb.o(i.USB_ReadDevAllInEpInterrupt)
    USB_ReadDevAllOutEpInterrupt             0x080046c1   Thumb Code    14  stm32f4xx_ll_usb.o(i.USB_ReadDevAllOutEpInterrupt)
    USB_ReadDevInEPInterrupt                 0x080046cf   Thumb Code    36  stm32f4xx_ll_usb.o(i.USB_ReadDevInEPInterrupt)
    USB_ReadDevOutEPInterrupt                0x080046f3   Thumb Code    16  stm32f4xx_ll_usb.o(i.USB_ReadDevOutEPInterrupt)
    USB_ReadInterrupts                       0x08004703   Thumb Code     8  stm32f4xx_ll_usb.o(i.USB_ReadInterrupts)
    USB_ReadPacket                           0x0800470b   Thumb Code    62  stm32f4xx_ll_usb.o(i.USB_ReadPacket)
    USB_SetCurrentMode                       0x08004749   Thumb Code    92  stm32f4xx_ll_usb.o(i.USB_SetCurrentMode)
    USB_SetDevAddress                        0x080047a5   Thumb Code    34  stm32f4xx_ll_usb.o(i.USB_SetDevAddress)
    USB_SetTurnaroundTime                    0x080047c9   Thumb Code   158  stm32f4xx_ll_usb.o(i.USB_SetTurnaroundTime)
    USB_WritePacket                          0x080048b1   Thumb Code    40  stm32f4xx_ll_usb.o(i.USB_WritePacket)
    UsageFault_Handler                       0x080048d9   Thumb Code     2  stm32f4xx_it.o(i.UsageFault_Handler)
    _is_digit                                0x080048fb   Thumb Code    14  __printf_wp.o(i._is_digit)
    main                                     0x08004909   Thumb Code   186  main.o(i.main)
    my_init                                  0x080049f9   Thumb Code    96  gpio.o(i.my_init)
    _fp_init                                 0x08004a61   Thumb Code    10  fpinit.o(x$fpl$fpinit)
    __fplib_config_fpu_vfp                   0x08004a69   Thumb Code     0  fpinit.o(x$fpl$fpinit)
    __fplib_config_pureend_doubles           0x08004a69   Thumb Code     0  fpinit.o(x$fpl$fpinit)
    ascii_1206                               0x08004a6a   Data        1140  lcd.o(.constdata)
    ascii_1608                               0x08004ede   Data        1520  lcd.o(.constdata)
    ascii_2412                               0x080054ce   Data        4560  lcd.o(.constdata)
    ascii_3216                               0x0800669e   Data        6080  lcd.o(.constdata)
    tfont12                                  0x08007e5e   Data         130  lcd.o(.constdata)
    tfont16                                  0x08007ee0   Data         170  lcd.o(.constdata)
    tfont24                                  0x08007f8a   Data         370  lcd.o(.constdata)
    tfont32                                  0x080080fc   Data         650  lcd.o(.constdata)
    gImage_1                                 0x08008386   Data        3200  main.o(.constdata)
    AHBPrescTable                            0x08009006   Data          16  system_stm32f4xx.o(.constdata)
    Region$$Table$$Base                      0x08009028   Number         0  anon$$obj.o(Region$$Table)
    Region$$Table$$Limit                     0x08009048   Number         0  anon$$obj.o(Region$$Table)
    light_lcd                                0x20000000   Data           2  tim.o(.data)
    GetData                                  0x20000004   Data           4  tim.o(.data)
    flag_key                                 0x20000008   Data           8  tim.o(.data)
    cnt_key                                  0x20000010   Data           8  tim.o(.data)
    FS_Desc                                  0x20000018   Data          28  usbd_desc.o(.data)
    USBD_LangIDDesc                          0x20000034   Data           4  usbd_desc.o(.data)
    USBD_FS_DeviceDesc                       0x20000038   Data          18  usbd_desc.o(.data)
    USBD_StringSerial                        0x2000004c   Data          26  usbd_desc.o(.data)
    temp                                     0x20000068   Data           8  usbd_cdc_if.o(.data)
    USBD_Interface_fops_FS                   0x20000070   Data          20  usbd_cdc_if.o(.data)
    uwTickFreq                               0x20000084   Data           1  stm32f4xx_hal.o(.data)
    uwTickPrio                               0x20000088   Data           4  stm32f4xx_hal.o(.data)
    uwTick                                   0x2000008c   Data           4  stm32f4xx_hal.o(.data)
    SystemCoreClock                          0x20000090   Data           4  system_stm32f4xx.o(.data)
    USBD_CDC                                 0x20000170   Data          56  usbd_cdc.o(.data)
    hrtc                                     0x200001a8   Data          32  rtc.o(.bss)
    htim3                                    0x200001c8   Data          72  tim.o(.bss)
    htim10                                   0x20000210   Data          72  tim.o(.bss)
    GetTime                                  0x20000258   Data          20  tim.o(.bss)
    text                                     0x2000026c   Data          50  tim.o(.bss)
    hUsbDeviceFS                             0x200002a0   Data         720  usb_device.o(.bss)
    USBD_StrDesc                             0x20000570   Data         512  usbd_desc.o(.bss)
    UserRxBufferFS                           0x20000770   Data        1000  usbd_cdc_if.o(.bss)
    UserTxBufferFS                           0x20000b58   Data        1000  usbd_cdc_if.o(.bss)
    hpcd_USB_OTG_FS                          0x20001160   Data        1032  usbd_conf.o(.bss)
    __libspace_start                         0x20001568   Data          96  libspace.o(.bss)
    __temporary_stack_top$libspace           0x200015c8   Data           0  libspace.o(.bss)



==============================================================================

Memory Map of the image

  Image Entry point : 0x08000195

  Load Region LR_IROM1 (Base: 0x08000000, Size: 0x000091f0, Max: 0x00040000, ABSOLUTE, COMPRESSED[0x00009110])

    Execution Region ER_IROM1 (Exec base: 0x08000000, Load base: 0x08000000, Size: 0x00009048, Max: 0x00040000, ABSOLUTE)

    Exec Addr    Load Addr    Size         Type   Attr      Idx    E Section Name        Object

    0x08000000   0x08000000   0x00000194   Data   RO            3    RESET               startup_stm32f401xc.o
    0x08000194   0x08000194   0x00000008   Code   RO         4633  * !!!main             c_w.l(__main.o)
    0x0800019c   0x0800019c   0x00000034   Code   RO         4940    !!!scatter          c_w.l(__scatter.o)
    0x080001d0   0x080001d0   0x0000005a   Code   RO         4938    !!dczerorl2         c_w.l(__dczerorl2.o)
    0x0800022a   0x0800022a   0x00000002   PAD
    0x0800022c   0x0800022c   0x0000001c   Code   RO         4942    !!handler_zi        c_w.l(__scatter_zi.o)
    0x08000248   0x08000248   0x00000000   Code   RO         4624    .ARM.Collect$$_printf_percent$$00000000  c_w.l(_printf_percent.o)
    0x08000248   0x08000248   0x00000006   Code   RO         4623    .ARM.Collect$$_printf_percent$$00000009  c_w.l(_printf_d.o)
    0x0800024e   0x0800024e   0x00000004   Code   RO         4698    .ARM.Collect$$_printf_percent$$00000017  c_w.l(_printf_percent_end.o)
    0x08000252   0x08000252   0x00000002   Code   RO         4798    .ARM.Collect$$libinit$$00000000  c_w.l(libinit.o)
    0x08000254   0x08000254   0x00000004   Code   RO         4820    .ARM.Collect$$libinit$$00000001  c_w.l(libinit2.o)
    0x08000258   0x08000258   0x00000000   Code   RO         4823    .ARM.Collect$$libinit$$00000004  c_w.l(libinit2.o)
    0x08000258   0x08000258   0x00000000   Code   RO         4826    .ARM.Collect$$libinit$$0000000A  c_w.l(libinit2.o)
    0x08000258   0x08000258   0x00000000   Code   RO         4828    .ARM.Collect$$libinit$$0000000C  c_w.l(libinit2.o)
    0x08000258   0x08000258   0x00000000   Code   RO         4830    .ARM.Collect$$libinit$$0000000E  c_w.l(libinit2.o)
    0x08000258   0x08000258   0x00000000   Code   RO         4833    .ARM.Collect$$libinit$$00000011  c_w.l(libinit2.o)
    0x08000258   0x08000258   0x00000000   Code   RO         4835    .ARM.Collect$$libinit$$00000013  c_w.l(libinit2.o)
    0x08000258   0x08000258   0x00000000   Code   RO         4837    .ARM.Collect$$libinit$$00000015  c_w.l(libinit2.o)
    0x08000258   0x08000258   0x00000000   Code   RO         4839    .ARM.Collect$$libinit$$00000017  c_w.l(libinit2.o)
    0x08000258   0x08000258   0x00000000   Code   RO         4841    .ARM.Collect$$libinit$$00000019  c_w.l(libinit2.o)
    0x08000258   0x08000258   0x00000000   Code   RO         4843    .ARM.Collect$$libinit$$0000001B  c_w.l(libinit2.o)
    0x08000258   0x08000258   0x00000000   Code   RO         4845    .ARM.Collect$$libinit$$0000001D  c_w.l(libinit2.o)
    0x08000258   0x08000258   0x00000000   Code   RO         4847    .ARM.Collect$$libinit$$0000001F  c_w.l(libinit2.o)
    0x08000258   0x08000258   0x00000000   Code   RO         4849    .ARM.Collect$$libinit$$00000021  c_w.l(libinit2.o)
    0x08000258   0x08000258   0x00000000   Code   RO         4851    .ARM.Collect$$libinit$$00000023  c_w.l(libinit2.o)
    0x08000258   0x08000258   0x00000000   Code   RO         4853    .ARM.Collect$$libinit$$00000025  c_w.l(libinit2.o)
    0x08000258   0x08000258   0x00000000   Code   RO         4857    .ARM.Collect$$libinit$$0000002C  c_w.l(libinit2.o)
    0x08000258   0x08000258   0x00000000   Code   RO         4859    .ARM.Collect$$libinit$$0000002E  c_w.l(libinit2.o)
    0x08000258   0x08000258   0x00000000   Code   RO         4861    .ARM.Collect$$libinit$$00000030  c_w.l(libinit2.o)
    0x08000258   0x08000258   0x00000000   Code   RO         4863    .ARM.Collect$$libinit$$00000032  c_w.l(libinit2.o)
    0x08000258   0x08000258   0x00000002   Code   RO         4864    .ARM.Collect$$libinit$$00000033  c_w.l(libinit2.o)
    0x0800025a   0x0800025a   0x00000002   Code   RO         4895    .ARM.Collect$$libshutdown$$00000000  c_w.l(libshutdown.o)
    0x0800025c   0x0800025c   0x00000000   Code   RO         4921    .ARM.Collect$$libshutdown$$00000002  c_w.l(libshutdown2.o)
    0x0800025c   0x0800025c   0x00000000   Code   RO         4923    .ARM.Collect$$libshutdown$$00000004  c_w.l(libshutdown2.o)
    0x0800025c   0x0800025c   0x00000000   Code   RO         4926    .ARM.Collect$$libshutdown$$00000007  c_w.l(libshutdown2.o)
    0x0800025c   0x0800025c   0x00000000   Code   RO         4929    .ARM.Collect$$libshutdown$$0000000A  c_w.l(libshutdown2.o)
    0x0800025c   0x0800025c   0x00000000   Code   RO         4931    .ARM.Collect$$libshutdown$$0000000C  c_w.l(libshutdown2.o)
    0x0800025c   0x0800025c   0x00000000   Code   RO         4934    .ARM.Collect$$libshutdown$$0000000F  c_w.l(libshutdown2.o)
    0x0800025c   0x0800025c   0x00000002   Code   RO         4935    .ARM.Collect$$libshutdown$$00000010  c_w.l(libshutdown2.o)
    0x0800025e   0x0800025e   0x00000000   Code   RO         4635    .ARM.Collect$$rtentry$$00000000  c_w.l(__rtentry.o)
    0x0800025e   0x0800025e   0x00000000   Code   RO         4717    .ARM.Collect$$rtentry$$00000002  c_w.l(__rtentry2.o)
    0x0800025e   0x0800025e   0x00000006   Code   RO         4729    .ARM.Collect$$rtentry$$00000004  c_w.l(__rtentry4.o)
    0x08000264   0x08000264   0x00000000   Code   RO         4719    .ARM.Collect$$rtentry$$00000009  c_w.l(__rtentry2.o)
    0x08000264   0x08000264   0x00000004   Code   RO         4720    .ARM.Collect$$rtentry$$0000000A  c_w.l(__rtentry2.o)
    0x08000268   0x08000268   0x00000000   Code   RO         4722    .ARM.Collect$$rtentry$$0000000C  c_w.l(__rtentry2.o)
    0x08000268   0x08000268   0x00000008   Code   RO         4723    .ARM.Collect$$rtentry$$0000000D  c_w.l(__rtentry2.o)
    0x08000270   0x08000270   0x00000002   Code   RO         4807    .ARM.Collect$$rtexit$$00000000  c_w.l(rtexit.o)
    0x08000272   0x08000272   0x00000000   Code   RO         4868    .ARM.Collect$$rtexit$$00000002  c_w.l(rtexit2.o)
    0x08000272   0x08000272   0x00000004   Code   RO         4869    .ARM.Collect$$rtexit$$00000003  c_w.l(rtexit2.o)
    0x08000276   0x08000276   0x00000006   Code   RO         4870    .ARM.Collect$$rtexit$$00000004  c_w.l(rtexit2.o)
    0x0800027c   0x0800027c   0x00000040   Code   RO            4    .text               startup_stm32f401xc.o
    0x080002bc   0x080002bc   0x000000ee   Code   RO         4589    .text               c_w.l(lludivv7m.o)
    0x080003aa   0x080003aa   0x00000002   PAD
    0x080003ac   0x080003ac   0x0000002c   Code   RO         4593    .text               c_w.l(__2sprintf.o)
    0x080003d8   0x080003d8   0x0000004e   Code   RO         4599    .text               c_w.l(_printf_pad.o)
    0x08000426   0x08000426   0x00000002   PAD
    0x08000428   0x08000428   0x00000078   Code   RO         4601    .text               c_w.l(_printf_dec.o)
    0x080004a0   0x080004a0   0x00000188   Code   RO         4620    .text               c_w.l(__printf_flags_ss_wp.o)
    0x08000628   0x08000628   0x00000064   Code   RO         4625    .text               c_w.l(rt_memcpy_w.o)
    0x0800068c   0x0800068c   0x0000004e   Code   RO         4629    .text               c_w.l(rt_memclr_w.o)
    0x080006da   0x080006da   0x00000006   Code   RO         4631    .text               c_w.l(heapauxi.o)
    0x080006e0   0x080006e0   0x000000b2   Code   RO         4644    .text               c_w.l(_printf_intcommon.o)
    0x08000792   0x08000792   0x00000002   PAD
    0x08000794   0x08000794   0x00000030   Code   RO         4648    .text               c_w.l(_printf_char_common.o)
    0x080007c4   0x080007c4   0x0000000a   Code   RO         4650    .text               c_w.l(_sputc.o)
    0x080007ce   0x080007ce   0x0000004a   Code   RO         4748    .text               c_w.l(sys_stackheap_outer.o)
    0x08000818   0x08000818   0x00000012   Code   RO         4787    .text               c_w.l(exit.o)
    0x0800082a   0x0800082a   0x00000002   PAD
    0x0800082c   0x0800082c   0x00000008   Code   RO         4804    .text               c_w.l(libspace.o)
    0x08000834   0x08000834   0x0000000c   Code   RO         4865    .text               c_w.l(sys_exit.o)
    0x08000840   0x08000840   0x00000002   Code   RO         4884    .text               c_w.l(use_no_semi.o)
    0x08000842   0x08000842   0x00000000   Code   RO         4886    .text               c_w.l(indicate_semi.o)
    0x08000842   0x08000842   0x00000002   Code   RO          544    i.BusFault_Handler  stm32f4xx_it.o
    0x08000844   0x08000844   0x00000004   Code   RO          780    i.CDC_Control_FS    usbd_cdc_if.o
    0x08000848   0x08000848   0x00000004   Code   RO          781    i.CDC_DeInit_FS     usbd_cdc_if.o
    0x0800084c   0x0800084c   0x00000024   Code   RO          782    i.CDC_Init_FS       usbd_cdc_if.o
    0x08000870   0x08000870   0x0000004c   Code   RO          783    i.CDC_Receive_FS    usbd_cdc_if.o
    0x080008bc   0x080008bc   0x00000004   Code   RO          784    i.CDC_TransmitCplt_FS  usbd_cdc_if.o
    0x080008c0   0x080008c0   0x00000002   Code   RO          545    i.DebugMon_Handler  stm32f4xx_it.o
    0x080008c2   0x080008c2   0x00000004   Code   RO          304    i.Error_Handler     main.o
    0x080008c6   0x080008c6   0x00000002   PAD
    0x080008c8   0x080008c8   0x00000024   Code   RO         2556    i.HAL_Delay         stm32f4xx_hal.o
    0x080008ec   0x080008ec   0x000001e0   Code   RO         2006    i.HAL_GPIO_Init     stm32f4xx_hal_gpio.o
    0x08000acc   0x08000acc   0x0000000a   Code   RO         2008    i.HAL_GPIO_ReadPin  stm32f4xx_hal_gpio.o
    0x08000ad6   0x08000ad6   0x0000000a   Code   RO         2010    i.HAL_GPIO_WritePin  stm32f4xx_hal_gpio.o
    0x08000ae0   0x08000ae0   0x0000000c   Code   RO         2562    i.HAL_GetTick       stm32f4xx_hal.o
    0x08000aec   0x08000aec   0x00000010   Code   RO         2568    i.HAL_IncTick       stm32f4xx_hal.o
    0x08000afc   0x08000afc   0x00000034   Code   RO         2569    i.HAL_Init          stm32f4xx_hal.o
    0x08000b30   0x08000b30   0x00000040   Code   RO         2570    i.HAL_InitTick      stm32f4xx_hal.o
    0x08000b70   0x08000b70   0x00000030   Code   RO          632    i.HAL_MspInit       stm32f4xx_hal_msp.o
    0x08000ba0   0x08000ba0   0x0000001a   Code   RO         2419    i.HAL_NVIC_EnableIRQ  stm32f4xx_hal_cortex.o
    0x08000bba   0x08000bba   0x00000002   PAD
    0x08000bbc   0x08000bbc   0x00000040   Code   RO         2425    i.HAL_NVIC_SetPriority  stm32f4xx_hal_cortex.o
    0x08000bfc   0x08000bfc   0x00000024   Code   RO         2426    i.HAL_NVIC_SetPriorityGrouping  stm32f4xx_hal_cortex.o
    0x08000c20   0x08000c20   0x00000002   Code   RO         1289    i.HAL_PCDEx_LPM_Callback  stm32f4xx_hal_pcd_ex.o
    0x08000c22   0x08000c22   0x00000008   Code   RO         1290    i.HAL_PCDEx_SetRxFiFo  stm32f4xx_hal_pcd_ex.o
    0x08000c2a   0x08000c2a   0x00000044   Code   RO         1291    i.HAL_PCDEx_SetTxFiFo  stm32f4xx_hal_pcd_ex.o
    0x08000c6e   0x08000c6e   0x00000008   Code   RO          855    i.HAL_PCD_ConnectCallback  usbd_conf.o
    0x08000c76   0x08000c76   0x00000012   Code   RO          856    i.HAL_PCD_DataInStageCallback  usbd_conf.o
    0x08000c88   0x08000c88   0x00000014   Code   RO          857    i.HAL_PCD_DataOutStageCallback  usbd_conf.o
    0x08000c9c   0x08000c9c   0x00000008   Code   RO          858    i.HAL_PCD_DisconnectCallback  usbd_conf.o
    0x08000ca4   0x08000ca4   0x0000004c   Code   RO         1071    i.HAL_PCD_EP_Close  stm32f4xx_hal_pcd.o
    0x08000cf0   0x08000cf0   0x0000005c   Code   RO         1072    i.HAL_PCD_EP_ClrStall  stm32f4xx_hal_pcd.o
    0x08000d4c   0x08000d4c   0x00000012   Code   RO         1074    i.HAL_PCD_EP_GetRxCount  stm32f4xx_hal_pcd.o
    0x08000d5e   0x08000d5e   0x00000060   Code   RO         1075    i.HAL_PCD_EP_Open   stm32f4xx_hal_pcd.o
    0x08000dbe   0x08000dbe   0x00000048   Code   RO         1076    i.HAL_PCD_EP_Receive  stm32f4xx_hal_pcd.o
    0x08000e06   0x08000e06   0x00000074   Code   RO         1077    i.HAL_PCD_EP_SetStall  stm32f4xx_hal_pcd.o
    0x08000e7a   0x08000e7a   0x00000040   Code   RO         1078    i.HAL_PCD_EP_Transmit  stm32f4xx_hal_pcd.o
    0x08000eba   0x08000eba   0x00000002   PAD
    0x08000ebc   0x08000ebc   0x00000434   Code   RO         1080    i.HAL_PCD_IRQHandler  stm32f4xx_hal_pcd.o
    0x080012f0   0x080012f0   0x00000008   Code   RO          859    i.HAL_PCD_ISOINIncompleteCallback  usbd_conf.o
    0x080012f8   0x080012f8   0x00000008   Code   RO          860    i.HAL_PCD_ISOOUTIncompleteCallback  usbd_conf.o
    0x08001300   0x08001300   0x000000e2   Code   RO         1083    i.HAL_PCD_Init      stm32f4xx_hal_pcd.o
    0x080013e2   0x080013e2   0x00000002   PAD
    0x080013e4   0x080013e4   0x00000084   Code   RO          862    i.HAL_PCD_MspInit   usbd_conf.o
    0x08001468   0x08001468   0x00000026   Code   RO          863    i.HAL_PCD_ResetCallback  usbd_conf.o
    0x0800148e   0x0800148e   0x00000008   Code   RO          864    i.HAL_PCD_ResumeCallback  usbd_conf.o
    0x08001496   0x08001496   0x00000008   Code   RO          865    i.HAL_PCD_SOFCallback  usbd_conf.o
    0x0800149e   0x0800149e   0x00000028   Code   RO         1089    i.HAL_PCD_SetAddress  stm32f4xx_hal_pcd.o
    0x080014c6   0x080014c6   0x0000000e   Code   RO          866    i.HAL_PCD_SetupStageCallback  usbd_conf.o
    0x080014d4   0x080014d4   0x00000042   Code   RO         1091    i.HAL_PCD_Start     stm32f4xx_hal_pcd.o
    0x08001516   0x08001516   0x00000002   PAD
    0x08001518   0x08001518   0x00000030   Code   RO          867    i.HAL_PCD_SuspendCallback  usbd_conf.o
    0x08001548   0x08001548   0x00000150   Code   RO         1733    i.HAL_RCCEx_PeriphCLKConfig  stm32f4xx_hal_rcc_ex.o
    0x08001698   0x08001698   0x00000134   Code   RO         1628    i.HAL_RCC_ClockConfig  stm32f4xx_hal_rcc.o
    0x080017cc   0x080017cc   0x0000000c   Code   RO         1633    i.HAL_RCC_GetHCLKFreq  stm32f4xx_hal_rcc.o
    0x080017d8   0x080017d8   0x00000064   Code   RO         1637    i.HAL_RCC_GetSysClockFreq  stm32f4xx_hal_rcc.o
    0x0800183c   0x0800183c   0x0000036c   Code   RO         1640    i.HAL_RCC_OscConfig  stm32f4xx_hal_rcc.o
    0x08001ba8   0x08001ba8   0x00000044   Code   RO         2817    i.HAL_RTC_GetDate   stm32f4xx_hal_rtc.o
    0x08001bec   0x08001bec   0x00000058   Code   RO         2819    i.HAL_RTC_GetTime   stm32f4xx_hal_rtc.o
    0x08001c44   0x08001c44   0x000000ac   Code   RO         2820    i.HAL_RTC_Init      stm32f4xx_hal_rtc.o
    0x08001cf0   0x08001cf0   0x0000003c   Code   RO          424    i.HAL_RTC_MspInit   rtc.o
    0x08001d2c   0x08001d2c   0x000000c8   Code   RO         2826    i.HAL_RTC_SetDate   stm32f4xx_hal_rtc.o
    0x08001df4   0x08001df4   0x000000ec   Code   RO         2827    i.HAL_RTC_SetTime   stm32f4xx_hal_rtc.o
    0x08001ee0   0x08001ee0   0x00000036   Code   RO         2828    i.HAL_RTC_WaitForSynchro  stm32f4xx_hal_rtc.o
    0x08001f16   0x08001f16   0x00000028   Code   RO         2430    i.HAL_SYSTICK_Config  stm32f4xx_hal_cortex.o
    0x08001f3e   0x08001f3e   0x00000002   Code   RO         3908    i.HAL_TIMEx_BreakCallback  stm32f4xx_hal_tim_ex.o
    0x08001f40   0x08001f40   0x00000002   Code   RO         3909    i.HAL_TIMEx_CommutCallback  stm32f4xx_hal_tim_ex.o
    0x08001f42   0x08001f42   0x00000002   PAD
    0x08001f44   0x08001f44   0x0000007c   Code   RO         3927    i.HAL_TIMEx_MasterConfigSynchronization  stm32f4xx_hal_tim_ex.o
    0x08001fc0   0x08001fc0   0x0000005a   Code   RO         3204    i.HAL_TIM_Base_Init  stm32f4xx_hal_tim.o
    0x0800201a   0x0800201a   0x00000002   PAD
    0x0800201c   0x0800201c   0x0000003c   Code   RO          466    i.HAL_TIM_Base_MspInit  tim.o
    0x08002058   0x08002058   0x0000006c   Code   RO         3209    i.HAL_TIM_Base_Start_IT  stm32f4xx_hal_tim.o
    0x080020c4   0x080020c4   0x00000002   Code   RO         3238    i.HAL_TIM_IC_CaptureCallback  stm32f4xx_hal_tim.o
    0x080020c6   0x080020c6   0x00000166   Code   RO         3252    i.HAL_TIM_IRQHandler  stm32f4xx_hal_tim.o
    0x0800222c   0x0800222c   0x00000050   Code   RO          467    i.HAL_TIM_MspPostInit  tim.o
    0x0800227c   0x0800227c   0x00000002   Code   RO         3255    i.HAL_TIM_OC_DelayElapsedCallback  stm32f4xx_hal_tim.o
    0x0800227e   0x0800227e   0x000000cc   Code   RO         3276    i.HAL_TIM_PWM_ConfigChannel  stm32f4xx_hal_tim.o
    0x0800234a   0x0800234a   0x0000005a   Code   RO         3279    i.HAL_TIM_PWM_Init  stm32f4xx_hal_tim.o
    0x080023a4   0x080023a4   0x00000028   Code   RO          469    i.HAL_TIM_PWM_MspInit  tim.o
    0x080023cc   0x080023cc   0x00000002   Code   RO         3282    i.HAL_TIM_PWM_PulseFinishedCallback  stm32f4xx_hal_tim.o
    0x080023ce   0x080023ce   0x00000002   PAD
    0x080023d0   0x080023d0   0x000000b0   Code   RO         3284    i.HAL_TIM_PWM_Start  stm32f4xx_hal_tim.o
    0x08002480   0x08002480   0x000000f4   Code   RO          470    i.HAL_TIM_PeriodElapsedCallback  tim.o
    0x08002574   0x08002574   0x00000002   Code   RO         3295    i.HAL_TIM_TriggerCallback  stm32f4xx_hal_tim.o
    0x08002576   0x08002576   0x00000002   Code   RO          546    i.HardFault_Handler  stm32f4xx_it.o
    0x08002578   0x08002578   0x00000038   Code   RO          694    i.IntToUnicode      usbd_desc.o
    0x080025b0   0x080025b0   0x0000003a   Code   RO          247    i.LCD_Address_Set   lcd_init.o
    0x080025ea   0x080025ea   0x00000016   Code   RO           15    i.LCD_DrawPoint     lcd.o
    0x08002600   0x08002600   0x0000003e   Code   RO           17    i.LCD_Fill          lcd.o
    0x0800263e   0x0800263e   0x00000002   PAD
    0x08002640   0x08002640   0x00000010   Code   RO          248    i.LCD_GPIO_Init     lcd_init.o
    0x08002650   0x08002650   0x000001a4   Code   RO          249    i.LCD_Init          lcd_init.o
    0x080027f4   0x080027f4   0x0000010c   Code   RO           18    i.LCD_ShowChar      lcd.o
    0x08002900   0x08002900   0x00000050   Code   RO           26    i.LCD_ShowPicture   lcd.o
    0x08002950   0x08002950   0x0000003a   Code   RO           27    i.LCD_ShowString    lcd.o
    0x0800298a   0x0800298a   0x00000014   Code   RO          250    i.LCD_WR_DATA       lcd_init.o
    0x0800299e   0x0800299e   0x00000004   Code   RO          251    i.LCD_WR_DATA8      lcd_init.o
    0x080029a2   0x080029a2   0x00000002   PAD
    0x080029a4   0x080029a4   0x00000028   Code   RO          252    i.LCD_WR_REG        lcd_init.o
    0x080029cc   0x080029cc   0x0000005c   Code   RO          253    i.LCD_Writ_Bus      lcd_init.o
    0x08002a28   0x08002a28   0x000000b0   Code   RO          393    i.MX_GPIO_Init      gpio.o
    0x08002ad8   0x08002ad8   0x00000080   Code   RO          425    i.MX_RTC_Init       rtc.o
    0x08002b58   0x08002b58   0x00000038   Code   RO          471    i.MX_TIM10_Init     tim.o
    0x08002b90   0x08002b90   0x00000074   Code   RO          472    i.MX_TIM3_Init      tim.o
    0x08002c04   0x08002c04   0x00000054   Code   RO          656    i.MX_USB_DEVICE_Init  usb_device.o
    0x08002c58   0x08002c58   0x00000002   Code   RO          547    i.MemManage_Handler  stm32f4xx_it.o
    0x08002c5a   0x08002c5a   0x00000002   Code   RO          548    i.NMI_Handler       stm32f4xx_it.o
    0x08002c5c   0x08002c5c   0x0000000c   Code   RO          549    i.OTG_FS_IRQHandler  stm32f4xx_it.o
    0x08002c68   0x08002c68   0x000000cc   Code   RO         1095    i.PCD_EP_OutXfrComplete_int  stm32f4xx_hal_pcd.o
    0x08002d34   0x08002d34   0x000000a2   Code   RO         1096    i.PCD_WriteEmptyTxFifo  stm32f4xx_hal_pcd.o
    0x08002dd6   0x08002dd6   0x00000002   Code   RO          550    i.PendSV_Handler    stm32f4xx_it.o
    0x08002dd8   0x08002dd8   0x00000012   Code   RO         2829    i.RTC_Bcd2ToByte    stm32f4xx_hal_rtc.o
    0x08002dea   0x08002dea   0x00000016   Code   RO         2830    i.RTC_ByteToBcd2    stm32f4xx_hal_rtc.o
    0x08002e00   0x08002e00   0x0000003a   Code   RO         2831    i.RTC_EnterInitMode  stm32f4xx_hal_rtc.o
    0x08002e3a   0x08002e3a   0x00000002   Code   RO          551    i.SVC_Handler       stm32f4xx_it.o
    0x08002e3c   0x08002e3c   0x0000000a   Code   RO         4351    i.SWAPBYTE          usbd_ctlreq.o
    0x08002e46   0x08002e46   0x00000004   Code   RO          552    i.SysTick_Handler   stm32f4xx_it.o
    0x08002e4a   0x08002e4a   0x00000002   PAD
    0x08002e4c   0x08002e4c   0x0000009c   Code   RO          305    i.SystemClock_Config  main.o
    0x08002ee8   0x08002ee8   0x00000010   Code   RO         4176    i.SystemInit        system_stm32f4xx.o
    0x08002ef8   0x08002ef8   0x0000000c   Code   RO          553    i.TIM1_UP_TIM10_IRQHandler  stm32f4xx_it.o
    0x08002f04   0x08002f04   0x00000098   Code   RO         3297    i.TIM_Base_SetConfig  stm32f4xx_hal_tim.o
    0x08002f9c   0x08002f9c   0x0000001a   Code   RO         3298    i.TIM_CCxChannelCmd  stm32f4xx_hal_tim.o
    0x08002fb6   0x08002fb6   0x00000002   PAD
    0x08002fb8   0x08002fb8   0x00000050   Code   RO         3310    i.TIM_OC1_SetConfig  stm32f4xx_hal_tim.o
    0x08003008   0x08003008   0x00000058   Code   RO         3311    i.TIM_OC2_SetConfig  stm32f4xx_hal_tim.o
    0x08003060   0x08003060   0x00000058   Code   RO         3312    i.TIM_OC3_SetConfig  stm32f4xx_hal_tim.o
    0x080030b8   0x080030b8   0x00000044   Code   RO         3313    i.TIM_OC4_SetConfig  stm32f4xx_hal_tim.o
    0x080030fc   0x080030fc   0x00000062   Code   RO         4484    i.USBD_CDC_DataIn   usbd_cdc.o
    0x0800315e   0x0800315e   0x0000002a   Code   RO         4485    i.USBD_CDC_DataOut  usbd_cdc.o
    0x08003188   0x08003188   0x00000048   Code   RO         4486    i.USBD_CDC_DeInit   usbd_cdc.o
    0x080031d0   0x080031d0   0x0000002e   Code   RO         4487    i.USBD_CDC_EP0_RxReady  usbd_cdc.o
    0x080031fe   0x080031fe   0x00000002   PAD
    0x08003200   0x08003200   0x0000000c   Code   RO         4488    i.USBD_CDC_GetDeviceQualifierDescriptor  usbd_cdc.o
    0x0800320c   0x0800320c   0x0000000c   Code   RO         4489    i.USBD_CDC_GetFSCfgDesc  usbd_cdc.o
    0x08003218   0x08003218   0x0000000c   Code   RO         4490    i.USBD_CDC_GetHSCfgDesc  usbd_cdc.o
    0x08003224   0x08003224   0x0000000c   Code   RO         4491    i.USBD_CDC_GetOtherSpeedCfgDesc  usbd_cdc.o
    0x08003230   0x08003230   0x000000a2   Code   RO         4492    i.USBD_CDC_Init     usbd_cdc.o
    0x080032d2   0x080032d2   0x00000028   Code   RO         4493    i.USBD_CDC_ReceivePacket  usbd_cdc.o
    0x080032fa   0x080032fa   0x0000000e   Code   RO         4494    i.USBD_CDC_RegisterInterface  usbd_cdc.o
    0x08003308   0x08003308   0x00000012   Code   RO         4495    i.USBD_CDC_SetRxBuffer  usbd_cdc.o
    0x0800331a   0x0800331a   0x00000016   Code   RO         4496    i.USBD_CDC_SetTxBuffer  usbd_cdc.o
    0x08003330   0x08003330   0x000000be   Code   RO         4497    i.USBD_CDC_Setup    usbd_cdc.o
    0x080033ee   0x080033ee   0x00000010   Code   RO         4213    i.USBD_ClrClassConfig  usbd_core.o
    0x080033fe   0x080033fe   0x00000010   Code   RO         4424    i.USBD_CtlContinueRx  usbd_ioreq.o
    0x0800340e   0x0800340e   0x00000010   Code   RO         4425    i.USBD_CtlContinueSendData  usbd_ioreq.o
    0x0800341e   0x0800341e   0x00000016   Code   RO         4352    i.USBD_CtlError     usbd_ctlreq.o
    0x08003434   0x08003434   0x0000001e   Code   RO         4426    i.USBD_CtlPrepareRx  usbd_ioreq.o
    0x08003452   0x08003452   0x00000016   Code   RO         4427    i.USBD_CtlReceiveStatus  usbd_ioreq.o
    0x08003468   0x08003468   0x0000001a   Code   RO         4428    i.USBD_CtlSendData  usbd_ioreq.o
    0x08003482   0x08003482   0x00000016   Code   RO         4429    i.USBD_CtlSendStatus  usbd_ioreq.o
    0x08003498   0x08003498   0x00000020   Code   RO          695    i.USBD_FS_ConfigStrDescriptor  usbd_desc.o
    0x080034b8   0x080034b8   0x0000000c   Code   RO          696    i.USBD_FS_DeviceDescriptor  usbd_desc.o
    0x080034c4   0x080034c4   0x00000024   Code   RO          697    i.USBD_FS_InterfaceStrDescriptor  usbd_desc.o
    0x080034e8   0x080034e8   0x0000000c   Code   RO          698    i.USBD_FS_LangIDStrDescriptor  usbd_desc.o
    0x080034f4   0x080034f4   0x00000028   Code   RO          699    i.USBD_FS_ManufacturerStrDescriptor  usbd_desc.o
    0x0800351c   0x0800351c   0x0000002c   Code   RO          700    i.USBD_FS_ProductStrDescriptor  usbd_desc.o
    0x08003548   0x08003548   0x00000038   Code   RO          701    i.USBD_FS_SerialStrDescriptor  usbd_desc.o
    0x08003580   0x08003580   0x000000e6   Code   RO         4353    i.USBD_GetDescriptor  usbd_ctlreq.o
    0x08003666   0x08003666   0x00000048   Code   RO         4354    i.USBD_GetString    usbd_ctlreq.o
    0x080036ae   0x080036ae   0x00000018   Code   RO          868    i.USBD_Get_USB_Status  usbd_conf.o
    0x080036c6   0x080036c6   0x00000026   Code   RO         4215    i.USBD_Init         usbd_core.o
    0x080036ec   0x080036ec   0x00000012   Code   RO          869    i.USBD_LL_ClearStallEP  usbd_conf.o
    0x080036fe   0x080036fe   0x00000012   Code   RO          870    i.USBD_LL_CloseEP   usbd_conf.o
    0x08003710   0x08003710   0x000000a8   Code   RO         4216    i.USBD_LL_DataInStage  usbd_core.o
    0x080037b8   0x080037b8   0x0000006c   Code   RO         4217    i.USBD_LL_DataOutStage  usbd_core.o
    0x08003824   0x08003824   0x00000004   Code   RO         4218    i.USBD_LL_DevConnected  usbd_core.o
    0x08003828   0x08003828   0x00000018   Code   RO         4219    i.USBD_LL_DevDisconnected  usbd_core.o
    0x08003840   0x08003840   0x00000008   Code   RO          874    i.USBD_LL_GetRxDataSize  usbd_conf.o
    0x08003848   0x08003848   0x00000060   Code   RO          875    i.USBD_LL_Init      usbd_conf.o
    0x080038a8   0x080038a8   0x00000020   Code   RO          876    i.USBD_LL_IsStallEP  usbd_conf.o
    0x080038c8   0x080038c8   0x00000020   Code   RO         4220    i.USBD_LL_IsoINIncomplete  usbd_core.o
    0x080038e8   0x080038e8   0x00000020   Code   RO         4221    i.USBD_LL_IsoOUTIncomplete  usbd_core.o
    0x08003908   0x08003908   0x00000018   Code   RO          877    i.USBD_LL_OpenEP    usbd_conf.o
    0x08003920   0x08003920   0x00000012   Code   RO          878    i.USBD_LL_PrepareReceive  usbd_conf.o
    0x08003932   0x08003932   0x0000005a   Code   RO         4222    i.USBD_LL_Reset     usbd_core.o
    0x0800398c   0x0800398c   0x00000014   Code   RO         4223    i.USBD_LL_Resume    usbd_core.o
    0x080039a0   0x080039a0   0x00000020   Code   RO         4224    i.USBD_LL_SOF       usbd_core.o
    0x080039c0   0x080039c0   0x00000006   Code   RO         4225    i.USBD_LL_SetSpeed  usbd_core.o
    0x080039c6   0x080039c6   0x00000012   Code   RO          879    i.USBD_LL_SetUSBAddress  usbd_conf.o
    0x080039d8   0x080039d8   0x00000060   Code   RO         4226    i.USBD_LL_SetupStage  usbd_core.o
    0x08003a38   0x08003a38   0x00000012   Code   RO          880    i.USBD_LL_StallEP   usbd_conf.o
    0x08003a4a   0x08003a4a   0x00000012   Code   RO          881    i.USBD_LL_Start     usbd_conf.o
    0x08003a5c   0x08003a5c   0x00000012   Code   RO         4227    i.USBD_LL_Suspend   usbd_core.o
    0x08003a6e   0x08003a6e   0x00000012   Code   RO          883    i.USBD_LL_Transmit  usbd_conf.o
    0x08003a80   0x08003a80   0x0000002c   Code   RO         4355    i.USBD_ParseSetupRequest  usbd_ctlreq.o
    0x08003aac   0x08003aac   0x00000024   Code   RO         4228    i.USBD_RegisterClass  usbd_core.o
    0x08003ad0   0x08003ad0   0x00000014   Code   RO         4230    i.USBD_SetClassConfig  usbd_core.o
    0x08003ae4   0x08003ae4   0x000000bc   Code   RO         4356    i.USBD_SetConfig    usbd_ctlreq.o
    0x08003ba0   0x08003ba0   0x00000004   Code   RO         4231    i.USBD_Start        usbd_core.o
    0x08003ba4   0x08003ba4   0x00000114   Code   RO         4357    i.USBD_StdDevReq    usbd_ctlreq.o
    0x08003cb8   0x08003cb8   0x00000140   Code   RO         4358    i.USBD_StdEPReq     usbd_ctlreq.o
    0x08003df8   0x08003df8   0x00000052   Code   RO         4359    i.USBD_StdItfReq    usbd_ctlreq.o
    0x08003e4a   0x08003e4a   0x00000002   Code   RO          884    i.USBD_static_free  usbd_conf.o
    0x08003e4c   0x08003e4c   0x00000008   Code   RO          885    i.USBD_static_malloc  usbd_conf.o
    0x08003e54   0x08003e54   0x00000080   Code   RO         1331    i.USB_ActivateEndpoint  stm32f4xx_ll_usb.o
    0x08003ed4   0x08003ed4   0x0000001c   Code   RO         1333    i.USB_ActivateSetup  stm32f4xx_ll_usb.o
    0x08003ef0   0x08003ef0   0x00000074   Code   RO         1335    i.USB_CoreInit      stm32f4xx_ll_usb.o
    0x08003f64   0x08003f64   0x00000040   Code   RO         1336    i.USB_CoreReset     stm32f4xx_ll_usb.o
    0x08003fa4   0x08003fa4   0x000000cc   Code   RO         1339    i.USB_DeactivateEndpoint  stm32f4xx_ll_usb.o
    0x08004070   0x08004070   0x0000001c   Code   RO         1340    i.USB_DevConnect    stm32f4xx_ll_usb.o
    0x0800408c   0x0800408c   0x0000001c   Code   RO         1341    i.USB_DevDisconnect  stm32f4xx_ll_usb.o
    0x080040a8   0x080040a8   0x00000174   Code   RO         1342    i.USB_DevInit       stm32f4xx_ll_usb.o
    0x0800421c   0x0800421c   0x0000000c   Code   RO         1343    i.USB_DisableGlobalInt  stm32f4xx_ll_usb.o
    0x08004228   0x08004228   0x00000118   Code   RO         1346    i.USB_EP0StartXfer  stm32f4xx_ll_usb.o
    0x08004340   0x08004340   0x00000058   Code   RO         1347    i.USB_EP0_OutStart  stm32f4xx_ll_usb.o
    0x08004398   0x08004398   0x00000058   Code   RO         1348    i.USB_EPClearStall  stm32f4xx_ll_usb.o
    0x080043f0   0x080043f0   0x00000058   Code   RO         1349    i.USB_EPSetStall    stm32f4xx_ll_usb.o
    0x08004448   0x08004448   0x000001e8   Code   RO         1350    i.USB_EPStartXfer   stm32f4xx_ll_usb.o
    0x08004630   0x08004630   0x0000000c   Code   RO         1351    i.USB_EnableGlobalInt  stm32f4xx_ll_usb.o
    0x0800463c   0x0800463c   0x00000028   Code   RO         1352    i.USB_FlushRxFifo   stm32f4xx_ll_usb.o
    0x08004664   0x08004664   0x0000002c   Code   RO         1353    i.USB_FlushTxFifo   stm32f4xx_ll_usb.o
    0x08004690   0x08004690   0x0000001a   Code   RO         1355    i.USB_GetDevSpeed   stm32f4xx_ll_usb.o
    0x080046aa   0x080046aa   0x00000008   Code   RO         1357    i.USB_GetMode       stm32f4xx_ll_usb.o
    0x080046b2   0x080046b2   0x0000000e   Code   RO         1364    i.USB_ReadDevAllInEpInterrupt  stm32f4xx_ll_usb.o
    0x080046c0   0x080046c0   0x0000000e   Code   RO         1365    i.USB_ReadDevAllOutEpInterrupt  stm32f4xx_ll_usb.o
    0x080046ce   0x080046ce   0x00000024   Code   RO         1366    i.USB_ReadDevInEPInterrupt  stm32f4xx_ll_usb.o
    0x080046f2   0x080046f2   0x00000010   Code   RO         1367    i.USB_ReadDevOutEPInterrupt  stm32f4xx_ll_usb.o
    0x08004702   0x08004702   0x00000008   Code   RO         1368    i.USB_ReadInterrupts  stm32f4xx_ll_usb.o
    0x0800470a   0x0800470a   0x0000003e   Code   RO         1369    i.USB_ReadPacket    stm32f4xx_ll_usb.o
    0x08004748   0x08004748   0x0000005c   Code   RO         1371    i.USB_SetCurrentMode  stm32f4xx_ll_usb.o
    0x080047a4   0x080047a4   0x00000022   Code   RO         1372    i.USB_SetDevAddress  stm32f4xx_ll_usb.o
    0x080047c6   0x080047c6   0x00000002   PAD
    0x080047c8   0x080047c8   0x000000e8   Code   RO         1374    i.USB_SetTurnaroundTime  stm32f4xx_ll_usb.o
    0x080048b0   0x080048b0   0x00000028   Code   RO         1377    i.USB_WritePacket   stm32f4xx_ll_usb.o
    0x080048d8   0x080048d8   0x00000002   Code   RO          554    i.UsageFault_Handler  stm32f4xx_it.o
    0x080048da   0x080048da   0x00000020   Code   RO         2432    i.__NVIC_SetPriority  stm32f4xx_hal_cortex.o
    0x080048fa   0x080048fa   0x0000000e   Code   RO         4613    i._is_digit         c_w.l(__printf_wp.o)
    0x08004908   0x08004908   0x000000f0   Code   RO          306    i.main              main.o
    0x080049f8   0x080049f8   0x00000068   Code   RO          394    i.my_init           gpio.o
    0x08004a60   0x08004a60   0x0000000a   Code   RO         4880    x$fpl$fpinit        fz_wm.l(fpinit.o)
    0x08004a6a   0x08004a6a   0x0000391c   Data   RO           29    .constdata          lcd.o
    0x08008386   0x08008386   0x00000c80   Data   RO          307    .constdata          main.o
    0x08009006   0x08009006   0x00000010   Data   RO         4177    .constdata          system_stm32f4xx.o
    0x08009016   0x08009016   0x00000011   Data   RO         4621    .constdata          c_w.l(__printf_flags_ss_wp.o)
    0x08009027   0x08009027   0x00000001   PAD
    0x08009028   0x08009028   0x00000020   Data   RO         4936    Region$$Table       anon$$obj.o


    Execution Region RW_IRAM1 (Exec base: 0x20000000, Load base: 0x08009048, Size: 0x000029c8, Max: 0x00010000, ABSOLUTE, COMPRESSED[0x000000c8])

    Exec Addr    Load Addr    Size         Type   Attr      Idx    E Section Name        Object

    0x20000000   COMPRESSED   0x00000018   Data   RW          475    .data               tim.o
    0x20000018   COMPRESSED   0x0000001c   Data   RW          703    .data               usbd_desc.o
    0x20000034   COMPRESSED   0x00000032   Data   RW          704    .data               usbd_desc.o
    0x20000066   COMPRESSED   0x00000002   PAD
    0x20000068   COMPRESSED   0x00000008   Data   RW          789    .data               usbd_cdc_if.o
    0x20000070   COMPRESSED   0x00000014   Data   RW          790    .data               usbd_cdc_if.o
    0x20000084   COMPRESSED   0x0000000c   Data   RW         2576    .data               stm32f4xx_hal.o
    0x20000090   COMPRESSED   0x00000004   Data   RW         4179    .data               system_stm32f4xx.o
    0x20000094   COMPRESSED   0x00000001   Data   RW         4360    .data               usbd_ctlreq.o
    0x20000095   COMPRESSED   0x00000003   PAD
    0x20000098   COMPRESSED   0x000000d7   Data   RW         4499    .data               usbd_cdc.o
    0x2000016f   COMPRESSED   0x00000001   PAD
    0x20000170   COMPRESSED   0x00000038   Data   RW         4500    .data               usbd_cdc.o
    0x200001a8        -       0x00000020   Zero   RW          426    .bss                rtc.o
    0x200001c8        -       0x000000a4   Zero   RW          473    .bss                tim.o
    0x2000026c        -       0x00000032   Zero   RW          474    .bss                tim.o
    0x2000029e   COMPRESSED   0x00000002   PAD
    0x200002a0        -       0x000002d0   Zero   RW          658    .bss                usb_device.o
    0x20000570        -       0x00000200   Zero   RW          702    .bss                usbd_desc.o
    0x20000770        -       0x000007d0   Zero   RW          788    .bss                usbd_cdc_if.o
    0x20000f40        -       0x00000628   Zero   RW          886    .bss                usbd_conf.o
    0x20001568        -       0x00000060   Zero   RW         4805    .bss                c_w.l(libspace.o)
    0x200015c8        -       0x00001000   Zero   RW            2    HEAP                startup_stm32f401xc.o
    0x200025c8        -       0x00000400   Zero   RW            1    STACK               startup_stm32f401xc.o


==============================================================================

Image component sizes


      Code (inc. data)   RO Data    RW Data    ZI Data      Debug   Object Name

       280         16          0          0          0       1573   gpio.o
       490         16      14620          0          0     431801   lcd.o
       650         20          0          0          0       5868   lcd_init.o
       400         64       3200          0          0      10001   main.o
       188         16          0          0         32       1675   rtc.o
        64         26        404          0       5120        840   startup_stm32f401xc.o
       180         28          0         12          0       9237   stm32f4xx_hal.o
       198         14          0          0          0      33923   stm32f4xx_hal_cortex.o
       500         34          0          0          0       2815   stm32f4xx_hal_gpio.o
        48          6          0          0          0        846   stm32f4xx_hal_msp.o
      2308         14          0          0          0      12701   stm32f4xx_hal_pcd.o
        78          0          0          0          0       2385   stm32f4xx_hal_pcd_ex.o
      1296         58          0          0          0       4510   stm32f4xx_hal_rcc.o
       336         26          0          0          0       1396   stm32f4xx_hal_rcc_ex.o
       916         30          0          0          0       7464   stm32f4xx_hal_rtc.o
      1536         90          0          0          0      12720   stm32f4xx_hal_tim.o
       128         20          0          0          0       2437   stm32f4xx_hal_tim_ex.o
        44         12          0          0          0       5073   stm32f4xx_it.o
      2690        132          0          0          0      22978   stm32f4xx_ll_usb.o
        16          4         16          4          0       1115   system_stm32f4xx.o
       596         70          0         24        214       4772   tim.o
        84         18          0          0        720        804   usb_device.o
       752         16          0        271          0      12883   usbd_cdc.o
       124         24          0         28       2000       4142   usbd_cdc_if.o
       638         24          0          0       1576      16672   usbd_conf.o
       744          0          0          0          0      12557   usbd_core.o
      1244         30          0          1          0      14276   usbd_ctlreq.o
       288        104          0         78        512       6145   usbd_desc.o
       132          0          0          0          0       4500   usbd_ioreq.o

    ----------------------------------------------------------------------
     16976        912      18272        424      10176     648109   Object Totals
         0          0         32          0          0          0   (incl. Generated)
        28          0          0          6          2          0   (incl. Padding)

    ----------------------------------------------------------------------

      Code (inc. data)   RO Data    RW Data    ZI Data      Debug   Library Member Name

        44          6          0          0          0         84   __2sprintf.o
        90          0          0          0          0          0   __dczerorl2.o
         8          0          0          0          0         68   __main.o
       392          4         17          0          0         92   __printf_flags_ss_wp.o
        14          0          0          0          0         68   __printf_wp.o
         0          0          0          0          0          0   __rtentry.o
        12          0          0          0          0          0   __rtentry2.o
         6          0          0          0          0          0   __rtentry4.o
        52          8          0          0          0          0   __scatter.o
        28          0          0          0          0          0   __scatter_zi.o
        48          6          0          0          0         96   _printf_char_common.o
         6          0          0          0          0          0   _printf_d.o
       120         16          0          0          0         92   _printf_dec.o
       178          0          0          0          0         88   _printf_intcommon.o
        78          0          0          0          0        108   _printf_pad.o
         0          0          0          0          0          0   _printf_percent.o
         4          0          0          0          0          0   _printf_percent_end.o
        10          0          0          0          0         68   _sputc.o
        18          0          0          0          0         80   exit.o
         6          0          0          0          0        152   heapauxi.o
         0          0          0          0          0          0   indicate_semi.o
         2          0          0          0          0          0   libinit.o
         6          0          0          0          0          0   libinit2.o
         2          0          0          0          0          0   libshutdown.o
         2          0          0          0          0          0   libshutdown2.o
         8          4          0          0         96         68   libspace.o
       238          0          0          0          0        100   lludivv7m.o
        78          0          0          0          0         80   rt_memclr_w.o
       100          0          0          0          0         80   rt_memcpy_w.o
         2          0          0          0          0          0   rtexit.o
        10          0          0          0          0          0   rtexit2.o
        12          4          0          0          0         68   sys_exit.o
        74          0          0          0          0         80   sys_stackheap_outer.o
         2          0          0          0          0         68   use_no_semi.o
        10          0          0          0          0        116   fpinit.o

    ----------------------------------------------------------------------
      1670         48         18          0         96       1656   Library Totals
        10          0          1          0          0          0   (incl. Padding)

    ----------------------------------------------------------------------

      Code (inc. data)   RO Data    RW Data    ZI Data      Debug   Library Name

      1650         48         17          0         96       1540   c_w.l
        10          0          0          0          0        116   fz_wm.l

    ----------------------------------------------------------------------
      1670         48         18          0         96       1656   Library Totals

    ----------------------------------------------------------------------

==============================================================================


      Code (inc. data)   RO Data    RW Data    ZI Data      Debug   

     18646        960      18290        424      10272     628337   Grand Totals
     18646        960      18290        200      10272     628337   ELF Image Totals (compressed)
     18646        960      18290        200          0          0   ROM Totals

==============================================================================

    Total RO  Size (Code + RO Data)                36936 (  36.07kB)
    Total RW  Size (RW Data + ZI Data)             10696 (  10.45kB)
    Total ROM Size (Code + RO Data + RW Data)      37136 (  36.27kB)

==============================================================================

